Archive member included to satisfy reference by file (symbol)

/usr/lib/gcc/arm-none-eabi/4.9.3/../../../arm-none-eabi/lib/armv7e-m/fpu/libc.a(lib_a-impure.o)
                              src/main.o (_impure_ptr)
/usr/lib/gcc/arm-none-eabi/4.9.3/../../../arm-none-eabi/lib/armv7e-m/fpu/libc.a(lib_a-printf.o)
                              src/main.o (printf)
/usr/lib/gcc/arm-none-eabi/4.9.3/../../../arm-none-eabi/lib/armv7e-m/fpu/libc.a(lib_a-reent.o)
                              src/stubs.o (errno)
/usr/lib/gcc/arm-none-eabi/4.9.3/../../../arm-none-eabi/lib/armv7e-m/fpu/libc.a(lib_a-setvbuf.o)
                              src/main.o (setvbuf)
/usr/lib/gcc/arm-none-eabi/4.9.3/../../../arm-none-eabi/lib/armv7e-m/fpu/libc.a(lib_a-vfprintf.o)
                              /usr/lib/gcc/arm-none-eabi/4.9.3/../../../arm-none-eabi/lib/armv7e-m/fpu/libc.a(lib_a-printf.o) (_vfprintf_r)
/usr/lib/gcc/arm-none-eabi/4.9.3/../../../arm-none-eabi/lib/armv7e-m/fpu/libc.a(lib_a-wsetup.o)
                              /usr/lib/gcc/arm-none-eabi/4.9.3/../../../arm-none-eabi/lib/armv7e-m/fpu/libc.a(lib_a-vfprintf.o) (__swsetup_r)
/usr/lib/gcc/arm-none-eabi/4.9.3/../../../arm-none-eabi/lib/armv7e-m/fpu/libc.a(lib_a-dtoa.o)
                              /usr/lib/gcc/arm-none-eabi/4.9.3/../../../arm-none-eabi/lib/armv7e-m/fpu/libc.a(lib_a-vfprintf.o) (_dtoa_r)
/usr/lib/gcc/arm-none-eabi/4.9.3/../../../arm-none-eabi/lib/armv7e-m/fpu/libc.a(lib_a-fflush.o)
                              /usr/lib/gcc/arm-none-eabi/4.9.3/../../../arm-none-eabi/lib/armv7e-m/fpu/libc.a(lib_a-setvbuf.o) (_fflush_r)
/usr/lib/gcc/arm-none-eabi/4.9.3/../../../arm-none-eabi/lib/armv7e-m/fpu/libc.a(lib_a-findfp.o)
                              /usr/lib/gcc/arm-none-eabi/4.9.3/../../../arm-none-eabi/lib/armv7e-m/fpu/libc.a(lib_a-setvbuf.o) (_cleanup_r)
/usr/lib/gcc/arm-none-eabi/4.9.3/../../../arm-none-eabi/lib/armv7e-m/fpu/libc.a(lib_a-freer.o)
                              /usr/lib/gcc/arm-none-eabi/4.9.3/../../../arm-none-eabi/lib/armv7e-m/fpu/libc.a(lib_a-reent.o) (_free_r)
/usr/lib/gcc/arm-none-eabi/4.9.3/../../../arm-none-eabi/lib/armv7e-m/fpu/libc.a(lib_a-fwalk.o)
                              /usr/lib/gcc/arm-none-eabi/4.9.3/../../../arm-none-eabi/lib/armv7e-m/fpu/libc.a(lib_a-findfp.o) (_fwalk)
/usr/lib/gcc/arm-none-eabi/4.9.3/../../../arm-none-eabi/lib/armv7e-m/fpu/libc.a(lib_a-locale.o)
                              /usr/lib/gcc/arm-none-eabi/4.9.3/../../../arm-none-eabi/lib/armv7e-m/fpu/libc.a(lib_a-vfprintf.o) (_localeconv_r)
/usr/lib/gcc/arm-none-eabi/4.9.3/../../../arm-none-eabi/lib/armv7e-m/fpu/libc.a(lib_a-makebuf.o)
                              /usr/lib/gcc/arm-none-eabi/4.9.3/../../../arm-none-eabi/lib/armv7e-m/fpu/libc.a(lib_a-wsetup.o) (__smakebuf_r)
/usr/lib/gcc/arm-none-eabi/4.9.3/../../../arm-none-eabi/lib/armv7e-m/fpu/libc.a(lib_a-malloc.o)
                              /usr/lib/gcc/arm-none-eabi/4.9.3/../../../arm-none-eabi/lib/armv7e-m/fpu/libc.a(lib_a-setvbuf.o) (malloc)
/usr/lib/gcc/arm-none-eabi/4.9.3/../../../arm-none-eabi/lib/armv7e-m/fpu/libc.a(lib_a-mallocr.o)
                              /usr/lib/gcc/arm-none-eabi/4.9.3/../../../arm-none-eabi/lib/armv7e-m/fpu/libc.a(lib_a-findfp.o) (_malloc_r)
/usr/lib/gcc/arm-none-eabi/4.9.3/../../../arm-none-eabi/lib/armv7e-m/fpu/libc.a(lib_a-memchr.o)
                              /usr/lib/gcc/arm-none-eabi/4.9.3/../../../arm-none-eabi/lib/armv7e-m/fpu/libc.a(lib_a-vfprintf.o) (memchr)
/usr/lib/gcc/arm-none-eabi/4.9.3/../../../arm-none-eabi/lib/armv7e-m/fpu/libc.a(lib_a-memcpy.o)
                              /usr/lib/gcc/arm-none-eabi/4.9.3/../../../arm-none-eabi/lib/armv7e-m/fpu/libc.a(lib_a-dtoa.o) (memcpy)
/usr/lib/gcc/arm-none-eabi/4.9.3/../../../arm-none-eabi/lib/armv7e-m/fpu/libc.a(lib_a-memset.o)
                              /usr/lib/gcc/arm-none-eabi/4.9.3/../../../arm-none-eabi/lib/armv7e-m/fpu/libc.a(lib_a-findfp.o) (memset)
/usr/lib/gcc/arm-none-eabi/4.9.3/../../../arm-none-eabi/lib/armv7e-m/fpu/libc.a(lib_a-mlock.o)
                              /usr/lib/gcc/arm-none-eabi/4.9.3/../../../arm-none-eabi/lib/armv7e-m/fpu/libc.a(lib_a-freer.o) (__malloc_lock)
/usr/lib/gcc/arm-none-eabi/4.9.3/../../../arm-none-eabi/lib/armv7e-m/fpu/libc.a(lib_a-mprec.o)
                              /usr/lib/gcc/arm-none-eabi/4.9.3/../../../arm-none-eabi/lib/armv7e-m/fpu/libc.a(lib_a-dtoa.o) (_Balloc)
/usr/lib/gcc/arm-none-eabi/4.9.3/../../../arm-none-eabi/lib/armv7e-m/fpu/libc.a(lib_a-s_fpclassify.o)
                              /usr/lib/gcc/arm-none-eabi/4.9.3/../../../arm-none-eabi/lib/armv7e-m/fpu/libc.a(lib_a-vfprintf.o) (__fpclassifyd)
/usr/lib/gcc/arm-none-eabi/4.9.3/../../../arm-none-eabi/lib/armv7e-m/fpu/libc.a(lib_a-sbrkr.o)
                              /usr/lib/gcc/arm-none-eabi/4.9.3/../../../arm-none-eabi/lib/armv7e-m/fpu/libc.a(lib_a-freer.o) (_sbrk_r)
/usr/lib/gcc/arm-none-eabi/4.9.3/../../../arm-none-eabi/lib/armv7e-m/fpu/libc.a(lib_a-stdio.o)
[...]
Memory Configuration

Name             Origin             Length             Attributes
FLASH            0x0000000008000000 0x0000000000100000 xr
RAM              0x0000000020000000 0x0000000000020000 xrw
CCMRAM           0x0000000010000000 0x0000000000010000 rw
*default*        0x0000000000000000 0xffffffffffffffff

Linker script and memory map

LOAD lib/STM32F4xx_StdPeriph_Driver/src/stm32f4xx_flash.o
LOAD lib/STM32F4xx_StdPeriph_Driver/src/stm32f4xx_cryp_des.o
LOAD lib/STM32F4xx_StdPeriph_Driver/src/stm32f4xx_adc.o
LOAD lib/STM32F4xx_StdPeriph_Driver/src/stm32f4xx_i2c.o
LOAD lib/STM32F4xx_StdPeriph_Driver/src/stm32f4xx_usart.o
LOAD lib/STM32F4xx_StdPeriph_Driver/src/stm32f4xx_rtc.o
LOAD lib/STM32F4xx_StdPeriph_Driver/src/stm32f4xx_pwr.o
LOAD lib/STM32F4xx_StdPeriph_Driver/src/stm32f4xx_sdio.o
LOAD lib/STM32F4xx_StdPeriph_Driver/src/stm32f4xx_gpio.o
LOAD lib/STM32F4xx_StdPeriph_Driver/src/stm32f4xx_dma2d.o
LOAD lib/STM32F4xx_StdPeriph_Driver/src/stm32f4xx_rng.o
LOAD lib/STM32F4xx_StdPeriph_Driver/src/stm32f4xx_cryp_tdes.o
LOAD lib/STM32F4xx_StdPeriph_Driver/src/stm32f4xx_dac.o
LOAD lib/STM32F4xx_StdPeriph_Driver/src/stm32f4xx_fsmc.o
LOAD lib/STM32F4xx_StdPeriph_Driver/src/stm32f4xx_exti.o
LOAD lib/STM32F4xx_StdPeriph_Driver/src/stm32f4xx_syscfg.o
LOAD lib/STM32F4xx_StdPeriph_Driver/src/stm32f4xx_cryp_aes.o
LOAD lib/STM32F4xx_StdPeriph_Driver/src/stm32f4xx_fmpi2c.o
LOAD lib/STM32F4xx_StdPeriph_Driver/src/stm32f4xx_can.o
LOAD lib/STM32F4xx_StdPeriph_Driver/src/stm32f4xx_wwdg.o
LOAD lib/STM32F4xx_StdPeriph_Driver/src/stm32f4xx_qspi.o
LOAD lib/STM32F4xx_StdPeriph_Driver/src/stm32f4xx_cryp.o
LOAD lib/STM32F4xx_StdPeriph_Driver/src/stm32f4xx_dcmi.o
LOAD lib/STM32F4xx_StdPeriph_Driver/src/misc.o
LOAD lib/STM32F4xx_StdPeriph_Driver/src/stm32f4xx_flash_ramfunc.o
LOAD lib/STM32F4xx_StdPeriph_Driver/src/stm32f4xx_sai.o
LOAD lib/STM32F4xx_StdPeriph_Driver/src/stm32f4xx_tim.o
LOAD lib/STM32F4xx_StdPeriph_Driver/src/stm32f4xx_rcc.o
LOAD lib/STM32F4xx_StdPeriph_Driver/src/stm32f4xx_crc.o
LOAD lib/STM32F4xx_StdPeriph_Driver/src/stm32f4xx_dbgmcu.o
LOAD lib/STM32F4xx_StdPeriph_Driver/src/stm32f4xx_dma.o
LOAD lib/STM32F4xx_StdPeriph_Driver/src/stm32f4xx_hash_md5.o
LOAD lib/STM32F4xx_StdPeriph_Driver/src/stm32f4xx_spi.o
LOAD lib/STM32F4xx_StdPeriph_Driver/src/stm32f4xx_hash_sha1.o
LOAD lib/STM32F4xx_StdPeriph_Driver/src/stm32f4xx_hash.o
LOAD lib/STM32F4xx_StdPeriph_Driver/src/stm32f4xx_spdifrx.o
LOAD lib/STM32F4xx_StdPeriph_Driver/src/stm32f4xx_iwdg.o
LOAD lib/STM32F4xx_StdPeriph_Driver/src/stm32f4xx_cec.o
LOAD lib/STM32F4xx_StdPeriph_Driver/src/stm32f4xx_ltdc.o
LOAD common/src/system_stm32f4xx.o
LOAD common/src/startup_stm32f40_41xxx.o
LOAD src/st7920.o
LOAD src/stubs.o
LOAD src/gpio.o
LOAD src/main.o
LOAD src/spi.o
START GROUP
LOAD /usr/lib/gcc/arm-none-eabi/4.9.3/armv7e-m/fpu/libgcc.a
LOAD /usr/lib/gcc/arm-none-eabi/4.9.3/../../../arm-none-eabi/lib/armv7e-m/fpu/libc.a
END GROUP
                0x0000000020020000                _estack = 0x20020000
                0x0000000000000200                _Min_Heap_Size = 0x200
                0x0000000000000400                _Min_Stack_Size = 0x400

.isr_vector     0x0000000008000000      0x188
                0x0000000008000000                . = ALIGN (0x4)
 *(.isr_vector)
 .isr_vector    0x0000000008000000      0x188 common/src/startup_stm32f40_41xxx.o
                0x0000000008000000                g_pfnVectors
                0x0000000008000188                . = ALIGN (0x4)

.text           0x0000000008000188     0x6aa0
                0x0000000008000188                . = ALIGN (0x4)
 *(.text)
 .text          0x0000000008000188      0x134 /usr/lib/gcc/arm-none-eabi/4.9.3/../../../arm-none-eabi/lib/armv7e-m/fpu/libc.a(lib_a-memcpy.o)
                0x0000000008000188                memcpy
 .text          0x00000000080002bc      0x370 /usr/lib/gcc/arm-none-eabi/4.9.3/armv7e-m/fpu/libgcc.a(_arm_addsubdf3.o)
                0x00000000080002bc                __aeabi_drsub
                0x00000000080002c4                __aeabi_dsub
                0x00000000080002c4                __subdf3
                0x00000000080002c8                __adddf3
                0x00000000080002c8                __aeabi_dadd
                0x0000000008000540                __aeabi_ui2d
                0x0000000008000540                __floatunsidf
                0x0000000008000560                __floatsidf
                0x0000000008000560                __aeabi_i2d
                0x0000000008000584                __extendsfdf2
                0x0000000008000584                __aeabi_f2d
                0x00000000080005c0                __aeabi_ul2d
                0x00000000080005c0                __floatundidf
                0x00000000080005d0                __floatdidf
                0x00000000080005d0                __aeabi_l2d
 .text          0x000000000800062c      0x424 /usr/lib/gcc/arm-none-eabi/4.9.3/armv7e-m/fpu/libgcc.a(_arm_muldivdf3.o)
                0x000000000800062c                __aeabi_dmul
                0x000000000800062c                __muldf3
                0x0000000008000880                __aeabi_ddiv
                0x0000000008000880                __divdf3
 .text          0x0000000008000a50      0x110 /usr/lib/gcc/arm-none-eabi/4.9.3/armv7e-m/fpu/libgcc.a(_arm_cmpdf2.o)
                0x0000000008000a50                __gtdf2
                0x0000000008000a50                __gedf2
                0x0000000008000a58                __ltdf2
                0x0000000008000a58                __ledf2
                0x0000000008000a60                __cmpdf2
                0x0000000008000a60                __eqdf2
                0x0000000008000a60                __nedf2
                0x0000000008000adc                __aeabi_cdrcmple
                0x0000000008000aec                __aeabi_cdcmple
                0x0000000008000aec                __aeabi_cdcmpeq
                0x0000000008000afc                __aeabi_dcmpeq
                0x0000000008000b10                __aeabi_dcmplt
                0x0000000008000b24                __aeabi_dcmple
                0x0000000008000b38                __aeabi_dcmpge
                0x0000000008000b4c                __aeabi_dcmpgt
 .text          0x0000000008000b60       0x50 /usr/lib/gcc/arm-none-eabi/4.9.3/armv7e-m/fpu/libgcc.a(_arm_fixdfsi.o)
                0x0000000008000b60                __fixdfsi
                0x0000000008000b60                __aeabi_d2iz
 .text          0x0000000008000bb0       0x30 /usr/lib/gcc/arm-none-eabi/4.9.3/armv7e-m/fpu/libgcc.a(_aeabi_uldivmod.o)
                0x0000000008000bb0                __aeabi_uldivmod
 .text          0x0000000008000be0       0x60 /usr/lib/gcc/arm-none-eabi/4.9.3/armv7e-m/fpu/libgcc.a(bpabi.o)
                0x0000000008000be0                __gnu_ldivmod_helper
                0x0000000008000c10                __gnu_uldivmod_helper
 .text          0x0000000008000c40        0x4 /usr/lib/gcc/arm-none-eabi/4.9.3/armv7e-m/fpu/libgcc.a(_dvmd_tls.o)
                0x0000000008000c40                __aeabi_ldiv0
                0x0000000008000c40                __aeabi_idiv0
 .text          0x0000000008000c44      0x29c /usr/lib/gcc/arm-none-eabi/4.9.3/armv7e-m/fpu/libgcc.a(_divdi3.o)
                0x0000000008000c44                __divdi3
 .text          0x0000000008000ee0      0x26c /usr/lib/gcc/arm-none-eabi/4.9.3/armv7e-m/fpu/libgcc.a(_udivdi3.o)
                0x0000000008000ee0                __udivdi3
 *(.text*)
 .text.GPIO_Init
                0x000000000800114c      0x11c lib/STM32F4xx_StdPeriph_Driver/src/stm32f4xx_gpio.o
                0x000000000800114c                GPIO_Init
 .text.GPIO_SetBits
                0x0000000008001268       0x1c lib/STM32F4xx_StdPeriph_Driver/src/stm32f4xx_gpio.o
                0x0000000008001268                GPIO_SetBits
 .text.GPIO_ResetBits
                0x0000000008001284       0x1c lib/STM32F4xx_StdPeriph_Driver/src/stm32f4xx_gpio.o
                0x0000000008001284                GPIO_ResetBits
 .text.GPIO_ToggleBits
                0x00000000080012a0       0x24 lib/STM32F4xx_StdPeriph_Driver/src/stm32f4xx_gpio.o
                0x00000000080012a0                GPIO_ToggleBits
 .text.GPIO_PinAFConfig
                0x00000000080012c4       0x90 lib/STM32F4xx_StdPeriph_Driver/src/stm32f4xx_gpio.o
                0x00000000080012c4                GPIO_PinAFConfig
 .text.RCC_AHB1PeriphClockCmd
                0x0000000008001354       0x3c lib/STM32F4xx_StdPeriph_Driver/src/stm32f4xx_rcc.o
                0x0000000008001354                RCC_AHB1PeriphClockCmd
 .text.RCC_APB2PeriphClockCmd
                0x0000000008001390       0x3c lib/STM32F4xx_StdPeriph_Driver/src/stm32f4xx_rcc.o
                0x0000000008001390                RCC_APB2PeriphClockCmd
 .text.RCC_APB1PeriphResetCmd
                0x00000000080013cc       0x3c lib/STM32F4xx_StdPeriph_Driver/src/stm32f4xx_rcc.o
                0x00000000080013cc                RCC_APB1PeriphResetCmd
 .text.RCC_APB2PeriphResetCmd
                0x0000000008001408       0x3c lib/STM32F4xx_StdPeriph_Driver/src/stm32f4xx_rcc.o
                0x0000000008001408                RCC_APB2PeriphResetCmd
 .text.SPI_I2S_DeInit
                0x0000000008001444       0xd8 lib/STM32F4xx_StdPeriph_Driver/src/stm32f4xx_spi.o
                0x0000000008001444                SPI_I2S_DeInit
 .text.SPI_Init
                0x000000000800151c       0x88 lib/STM32F4xx_StdPeriph_Driver/src/stm32f4xx_spi.o
                0x000000000800151c                SPI_Init
 .text.SPI_Cmd  0x00000000080015a4       0x40 lib/STM32F4xx_StdPeriph_Driver/src/stm32f4xx_spi.o
                0x00000000080015a4                SPI_Cmd
 .text.SPI_BiDirectionalLineConfig
                0x00000000080015e4       0x40 lib/STM32F4xx_StdPeriph_Driver/src/stm32f4xx_spi.o
                0x00000000080015e4                SPI_BiDirectionalLineConfig
 .text.SPI_I2S_SendData
                0x0000000008001624       0x1c lib/STM32F4xx_StdPeriph_Driver/src/stm32f4xx_spi.o
                0x0000000008001624                SPI_I2S_SendData
 .text.SPI_I2S_GetFlagStatus
                0x0000000008001640       0x38 lib/STM32F4xx_StdPeriph_Driver/src/stm32f4xx_spi.o
                0x0000000008001640                SPI_I2S_GetFlagStatus
 .text.SystemInit
                0x0000000008001678       0x68 common/src/system_stm32f4xx.o
                0x0000000008001678                SystemInit
 .text.SystemCoreClockUpdate
                0x00000000080016e0       0xf8 common/src/system_stm32f4xx.o
                0x00000000080016e0                SystemCoreClockUpdate
 .text.SetSysClock
                0x00000000080017d8       0xf4 common/src/system_stm32f4xx.o
 .text.Reset_Handler
                0x00000000080018cc       0x44 common/src/startup_stm32f40_41xxx.o
                0x00000000080018cc                Reset_Handler
 .text.Default_Handler
                0x0000000008001910        0x2 common/src/startup_stm32f40_41xxx.o
                0x0000000008001910                RTC_Alarm_IRQHandler
                0x0000000008001910                HASH_RNG_IRQHandler
                0x0000000008001910                EXTI2_IRQHandler
                0x0000000008001910                TIM8_CC_IRQHandler
                0x0000000008001910                DebugMon_Handler
                0x0000000008001910                TIM1_CC_IRQHandler
                0x0000000008001910                DMA2_Stream5_IRQHandler
                0x0000000008001910                HardFault_Handler
                0x0000000008001910                DMA1_Stream5_IRQHandler
                0x0000000008001910                PVD_IRQHandler
                0x0000000008001910                SDIO_IRQHandler
                0x0000000008001910                TAMP_STAMP_IRQHandler
                0x0000000008001910                PendSV_Handler
                0x0000000008001910                NMI_Handler
                0x0000000008001910                CAN2_RX1_IRQHandler
                0x0000000008001910                EXTI3_IRQHandler
                0x0000000008001910                TIM8_TRG_COM_TIM14_IRQHandler
                0x0000000008001910                TIM1_UP_TIM10_IRQHandler
                0x0000000008001910                TIM8_UP_TIM13_IRQHandler
                0x0000000008001910                I2C3_ER_IRQHandler
                0x0000000008001910                EXTI0_IRQHandler
                0x0000000008001910                I2C2_EV_IRQHandler
                0x0000000008001910                DMA1_Stream2_IRQHandler
                0x0000000008001910                CAN1_RX0_IRQHandler
                0x0000000008001910                FPU_IRQHandler
                0x0000000008001910                OTG_HS_WKUP_IRQHandler
                0x0000000008001910                UsageFault_Handler
                0x0000000008001910                CAN2_SCE_IRQHandler
                0x0000000008001910                DMA2_Stream2_IRQHandler
                0x0000000008001910                SPI1_IRQHandler
                0x0000000008001910                TIM6_DAC_IRQHandler
                0x0000000008001910                TIM1_BRK_TIM9_IRQHandler
                0x0000000008001910                DCMI_IRQHandler
                0x0000000008001910                CAN2_RX0_IRQHandler
                0x0000000008001910                DMA2_Stream3_IRQHandler
                0x0000000008001910                USART6_IRQHandler
                0x0000000008001910                USART3_IRQHandler
                0x0000000008001910                CRYP_IRQHandler
                0x0000000008001910                CAN1_RX1_IRQHandler
                0x0000000008001910                UART5_IRQHandler
                0x0000000008001910                DMA2_Stream0_IRQHandler
                0x0000000008001910                TIM4_IRQHandler
                0x0000000008001910                I2C1_EV_IRQHandler
                0x0000000008001910                DMA1_Stream6_IRQHandler
                0x0000000008001910                DMA1_Stream1_IRQHandler
                0x0000000008001910                UART4_IRQHandler
                0x0000000008001910                TIM3_IRQHandler
                0x0000000008001910                RCC_IRQHandler
                0x0000000008001910                TIM8_BRK_TIM12_IRQHandler
                0x0000000008001910                Default_Handler
                0x0000000008001910                EXTI15_10_IRQHandler
                0x0000000008001910                ADC_IRQHandler
                0x0000000008001910                DMA1_Stream7_IRQHandler
                0x0000000008001910                TIM7_IRQHandler
                0x0000000008001910                CAN2_TX_IRQHandler
                0x0000000008001910                TIM5_IRQHandler
                0x0000000008001910                DMA2_Stream7_IRQHandler
                0x0000000008001910                I2C3_EV_IRQHandler
                0x0000000008001910                EXTI9_5_IRQHandler
                0x0000000008001910                RTC_WKUP_IRQHandler
                0x0000000008001910                ETH_WKUP_IRQHandler
                0x0000000008001910                SPI2_IRQHandler
                0x0000000008001910                OTG_HS_EP1_IN_IRQHandler
                0x0000000008001910                MemManage_Handler
                0x0000000008001910                DMA1_Stream0_IRQHandler
                0x0000000008001910                CAN1_TX_IRQHandler
                0x0000000008001910                SVC_Handler
                0x0000000008001910                EXTI4_IRQHandler
                0x0000000008001910                FSMC_IRQHandler
                0x0000000008001910                ETH_IRQHandler
                0x0000000008001910                OTG_HS_EP1_OUT_IRQHandler
                0x0000000008001910                WWDG_IRQHandler
                0x0000000008001910                TIM2_IRQHandler
                0x0000000008001910                OTG_FS_WKUP_IRQHandler
                0x0000000008001910                TIM1_TRG_COM_TIM11_IRQHandler
                0x0000000008001910                OTG_HS_IRQHandler
                0x0000000008001910                EXTI1_IRQHandler
                0x0000000008001910                USART2_IRQHandler
                0x0000000008001910                I2C2_ER_IRQHandler
                0x0000000008001910                DMA2_Stream1_IRQHandler
                0x0000000008001910                CAN1_SCE_IRQHandler
                0x0000000008001910                FLASH_IRQHandler
                0x0000000008001910                DMA2_Stream4_IRQHandler
                0x0000000008001910                BusFault_Handler
                0x0000000008001910                USART1_IRQHandler
                0x0000000008001910                OTG_FS_IRQHandler
                0x0000000008001910                SPI3_IRQHandler
                0x0000000008001910                DMA1_Stream4_IRQHandler
                0x0000000008001910                I2C1_ER_IRQHandler
                0x0000000008001910                DMA2_Stream6_IRQHandler
                0x0000000008001910                DMA1_Stream3_IRQHandler
 *fill*         0x0000000008001912        0x2 
 .text.st7920_init
                0x0000000008001914       0x54 src/st7920.o
                0x0000000008001914                st7920_init
 .text._draw_rectangle
                0x0000000008001968       0xa8 src/st7920.o
 .text.draw_rectangle
                0x0000000008001a10       0x74 src/st7920.o
 .text.draw_parameter_modify
                0x0000000008001a84       0x8c src/st7920.o
 .text.copy_array_with_shift
                0x0000000008001b10      0x11c src/st7920.o
 .text.lcd_draw_rectangle
                0x0000000008001c2c      0x104 src/st7920.o
                0x0000000008001c2c                lcd_draw_rectangle
 .text.lcd_draw_font
                0x0000000008001d30       0x90 src/st7920.o
 .text.lcd_putc
                0x0000000008001dc0       0xfc src/st7920.o
                0x0000000008001dc0                lcd_putc
 .text.lcd_clear
                0x0000000008001ebc       0x64 src/st7920.o
                0x0000000008001ebc                lcd_clear
 .text.lcd_bar_set
                0x0000000008001f20       0x28 src/st7920.o
                0x0000000008001f20                lcd_bar_set
 .text.lcd_bar_create
                0x0000000008001f48      0x114 src/st7920.o
                0x0000000008001f48                lcd_bar_create
 .text.set_addr
                0x000000000800205c       0x34 src/st7920.o
 .text.write    0x0000000008002090       0x38 src/st7920.o
 .text.wait_busy
                0x00000000080020c8       0x30 src/st7920.o
 .text.send_sync
                0x00000000080020f8       0x28 src/st7920.o
 .text.send_byte
                0x0000000008002120       0x30 src/st7920.o
 .text._close   0x0000000008002150       0x18 src/stubs.o
                0x0000000008002150                _close
 .text._fstat   0x0000000008002168       0x18 src/stubs.o
                0x0000000008002168                _fstat
 .text._isatty  0x0000000008002180       0x2c src/stubs.o
                0x0000000008002180                _isatty
 .text._lseek   0x00000000080021ac       0x1c src/stubs.o
                0x00000000080021ac                _lseek
 .text._sbrk    0x00000000080021c8       0x1c src/stubs.o
                0x00000000080021c8                _sbrk
 .text._read    0x00000000080021e4       0x1c src/stubs.o
                0x00000000080021e4                _read
 .text._write   0x0000000008002200       0x54 src/stubs.o
                0x0000000008002200                _write
 .text.gpio_init
                0x0000000008002254       0x50 src/gpio.o
                0x0000000008002254                gpio_init
 .text.gpio_toggle_debug_led
                0x00000000080022a4       0x14 src/gpio.o
                0x00000000080022a4                gpio_toggle_debug_led
 .text.NVIC_SetPriority
                0x00000000080022b8       0x54 src/main.o
 .text.SysTick_Config
                0x000000000800230c       0x44 src/main.o
 .text.main     0x0000000008002350      0x130 src/main.o
                0x0000000008002350                main
 .text.SysTick_Handler
                0x0000000008002480       0x1c src/main.o
                0x0000000008002480                SysTick_Handler
 .text.spi_init
                0x000000000800249c       0xc0 src/spi.o
                0x000000000800249c                spi_init
 .text.spi_cs   0x000000000800255c       0x2c src/spi.o
                0x000000000800255c                spi_cs
 .text.spi_tx   0x0000000008002588       0x4c src/spi.o
                0x0000000008002588                spi_tx
 .text.printf   0x00000000080025d4       0x28 /usr/lib/gcc/arm-none-eabi/4.9.3/../../../arm-none-eabi/lib/armv7e-m/fpu/libc.a(lib_a-printf.o)
                0x00000000080025d4                printf
 .text.setvbuf  0x00000000080025fc       0xf8 /usr/lib/gcc/arm-none-eabi/4.9.3/../../../arm-none-eabi/lib/armv7e-m/fpu/libc.a(lib_a-setvbuf.o)
                0x00000000080025fc                setvbuf
 *fill*         0x00000000080026f4        0x4 
 .text._vfprintf_r
                0x00000000080026f8     0x1428 /usr/lib/gcc/arm-none-eabi/4.9.3/../../../arm-none-eabi/lib/armv7e-m/fpu/libc.a(lib_a-vfprintf.o)
                0x00000000080026f8                _vfprintf_r
 .text.__sbprintf
                0x0000000008003b20       0x78 /usr/lib/gcc/arm-none-eabi/4.9.3/../../../arm-none-eabi/lib/armv7e-m/fpu/libc.a(lib_a-vfprintf.o)
 .text.__swsetup_r
                0x0000000008003b98       0xc4 /usr/lib/gcc/arm-none-eabi/4.9.3/../../../arm-none-eabi/lib/armv7e-m/fpu/libc.a(lib_a-wsetup.o)
                0x0000000008003b98                __swsetup_r
 .text.quorem   0x0000000008003c5c      0x12c /usr/lib/gcc/arm-none-eabi/4.9.3/../../../arm-none-eabi/lib/armv7e-m/fpu/libc.a(lib_a-dtoa.o)
 .text._dtoa_r  0x0000000008003d88      0xea8 /usr/lib/gcc/arm-none-eabi/4.9.3/../../../arm-none-eabi/lib/armv7e-m/fpu/libc.a(lib_a-dtoa.o)
                0x0000000008003d88                _dtoa_r
 .text.__sflush_r
                0x0000000008004c30      0x154 /usr/lib/gcc/arm-none-eabi/4.9.3/../../../arm-none-eabi/lib/armv7e-m/fpu/libc.a(lib_a-fflush.o)
                0x0000000008004c30                __sflush_r
 .text._fflush_r
                0x0000000008004d84       0x2c /usr/lib/gcc/arm-none-eabi/4.9.3/../../../arm-none-eabi/lib/armv7e-m/fpu/libc.a(lib_a-fflush.o)
                0x0000000008004d84                _fflush_r
 .text._cleanup_r
                0x0000000008004db0        0xc /usr/lib/gcc/arm-none-eabi/4.9.3/../../../arm-none-eabi/lib/armv7e-m/fpu/libc.a(lib_a-findfp.o)
                0x0000000008004db0                _cleanup_r
 .text.__sinit.part.1
                0x0000000008004dbc       0xf0 /usr/lib/gcc/arm-none-eabi/4.9.3/../../../arm-none-eabi/lib/armv7e-m/fpu/libc.a(lib_a-findfp.o)
 .text.__sinit  0x0000000008004eac        0xc /usr/lib/gcc/arm-none-eabi/4.9.3/../../../arm-none-eabi/lib/armv7e-m/fpu/libc.a(lib_a-findfp.o)
                0x0000000008004eac                __sinit
 .text.__sfp_lock_acquire
                0x0000000008004eb8        0x4 /usr/lib/gcc/arm-none-eabi/4.9.3/../../../arm-none-eabi/lib/armv7e-m/fpu/libc.a(lib_a-findfp.o)
                0x0000000008004eb8                __sfp_lock_acquire
 .text.__sfp_lock_release
                0x0000000008004ebc        0x4 /usr/lib/gcc/arm-none-eabi/4.9.3/../../../arm-none-eabi/lib/armv7e-m/fpu/libc.a(lib_a-findfp.o)
                0x0000000008004ebc                __sfp_lock_release
 .text._malloc_trim_r
                0x0000000008004ec0       0x9c /usr/lib/gcc/arm-none-eabi/4.9.3/../../../arm-none-eabi/lib/armv7e-m/fpu/libc.a(lib_a-freer.o)
                0x0000000008004ec0                _malloc_trim_r
 .text._free_r  0x0000000008004f5c      0x1b0 /usr/lib/gcc/arm-none-eabi/4.9.3/../../../arm-none-eabi/lib/armv7e-m/fpu/libc.a(lib_a-freer.o)
                0x0000000008004f5c                _free_r
 .text._fwalk_reent
                0x000000000800510c       0x54 /usr/lib/gcc/arm-none-eabi/4.9.3/../../../arm-none-eabi/lib/armv7e-m/fpu/libc.a(lib_a-fwalk.o)
                0x000000000800510c                _fwalk_reent
 .text.__locale_charset
                0x0000000008005160        0x8 /usr/lib/gcc/arm-none-eabi/4.9.3/../../../arm-none-eabi/lib/armv7e-m/fpu/libc.a(lib_a-locale.o)
                0x0000000008005160                __locale_charset
 .text.__locale_mb_cur_max
                0x0000000008005168        0xc /usr/lib/gcc/arm-none-eabi/4.9.3/../../../arm-none-eabi/lib/armv7e-m/fpu/libc.a(lib_a-locale.o)
                0x0000000008005168                __locale_mb_cur_max
 .text._localeconv_r
                0x0000000008005174        0x8 /usr/lib/gcc/arm-none-eabi/4.9.3/../../../arm-none-eabi/lib/armv7e-m/fpu/libc.a(lib_a-locale.o)
                0x0000000008005174                _localeconv_r
 .text.__smakebuf_r
                0x000000000800517c       0xe0 /usr/lib/gcc/arm-none-eabi/4.9.3/../../../arm-none-eabi/lib/armv7e-m/fpu/libc.a(lib_a-makebuf.o)
                0x000000000800517c                __smakebuf_r
 .text.malloc   0x000000000800525c       0x10 /usr/lib/gcc/arm-none-eabi/4.9.3/../../../arm-none-eabi/lib/armv7e-m/fpu/libc.a(lib_a-malloc.o)
                0x000000000800525c                malloc
 .text._malloc_r
                0x000000000800526c      0x524 /usr/lib/gcc/arm-none-eabi/4.9.3/../../../arm-none-eabi/lib/armv7e-m/fpu/libc.a(lib_a-mallocr.o)
                0x000000000800526c                _malloc_r
 .text.memchr   0x0000000008005790       0x94 /usr/lib/gcc/arm-none-eabi/4.9.3/../../../arm-none-eabi/lib/armv7e-m/fpu/libc.a(lib_a-memchr.o)
                0x0000000008005790                memchr
 .text.memset   0x0000000008005824       0x9c /usr/lib/gcc/arm-none-eabi/4.9.3/../../../arm-none-eabi/lib/armv7e-m/fpu/libc.a(lib_a-memset.o)
                0x0000000008005824                memset
 .text.__malloc_lock
                0x00000000080058c0        0x4 /usr/lib/gcc/arm-none-eabi/4.9.3/../../../arm-none-eabi/lib/armv7e-m/fpu/libc.a(lib_a-mlock.o)
                0x00000000080058c0                __malloc_lock
 .text.__malloc_unlock
                0x00000000080058c4        0x4 /usr/lib/gcc/arm-none-eabi/4.9.3/../../../arm-none-eabi/lib/armv7e-m/fpu/libc.a(lib_a-mlock.o)
                0x00000000080058c4                __malloc_unlock
 .text._Balloc  0x00000000080058c8       0x4c /usr/lib/gcc/arm-none-eabi/4.9.3/../../../arm-none-eabi/lib/armv7e-m/fpu/libc.a(lib_a-mprec.o)
                0x00000000080058c8                _Balloc
 .text._Bfree   0x0000000008005914       0x14 /usr/lib/gcc/arm-none-eabi/4.9.3/../../../arm-none-eabi/lib/armv7e-m/fpu/libc.a(lib_a-mprec.o)
                0x0000000008005914                _Bfree
 .text.__multadd
                0x0000000008005928       0x84 /usr/lib/gcc/arm-none-eabi/4.9.3/../../../arm-none-eabi/lib/armv7e-m/fpu/libc.a(lib_a-mprec.o)
                0x0000000008005928                __multadd
 .text.__hi0bits
                0x00000000080059ac       0x40 /usr/lib/gcc/arm-none-eabi/4.9.3/../../../arm-none-eabi/lib/armv7e-m/fpu/libc.a(lib_a-mprec.o)
                0x00000000080059ac                __hi0bits
 .text.__lo0bits
                0x00000000080059ec       0x5c /usr/lib/gcc/arm-none-eabi/4.9.3/../../../arm-none-eabi/lib/armv7e-m/fpu/libc.a(lib_a-mprec.o)
                0x00000000080059ec                __lo0bits
 .text.__i2b    0x0000000008005a48       0x14 /usr/lib/gcc/arm-none-eabi/4.9.3/../../../arm-none-eabi/lib/armv7e-m/fpu/libc.a(lib_a-mprec.o)
                0x0000000008005a48                __i2b
 .text.__multiply
                0x0000000008005a5c      0x134 /usr/lib/gcc/arm-none-eabi/4.9.3/../../../arm-none-eabi/lib/armv7e-m/fpu/libc.a(lib_a-mprec.o)
                0x0000000008005a5c                __multiply
 .text.__pow5mult
                0x0000000008005b90       0xa0 /usr/lib/gcc/arm-none-eabi/4.9.3/../../../arm-none-eabi/lib/armv7e-m/fpu/libc.a(lib_a-mprec.o)
                0x0000000008005b90                __pow5mult
 .text.__lshift
                0x0000000008005c30       0xac /usr/lib/gcc/arm-none-eabi/4.9.3/../../../arm-none-eabi/lib/armv7e-m/fpu/libc.a(lib_a-mprec.o)
                0x0000000008005c30                __lshift
 .text.__mcmp   0x0000000008005cdc       0x48 /usr/lib/gcc/arm-none-eabi/4.9.3/../../../arm-none-eabi/lib/armv7e-m/fpu/libc.a(lib_a-mprec.o)
                0x0000000008005cdc                __mcmp
 .text.__mdiff  0x0000000008005d24       0xd4 /usr/lib/gcc/arm-none-eabi/4.9.3/../../../arm-none-eabi/lib/armv7e-m/fpu/libc.a(lib_a-mprec.o)
                0x0000000008005d24                __mdiff
 .text.__d2b    0x0000000008005df8       0xbc /usr/lib/gcc/arm-none-eabi/4.9.3/../../../arm-none-eabi/lib/armv7e-m/fpu/libc.a(lib_a-mprec.o)
                0x0000000008005df8                __d2b
 .text.__fpclassifyd
                0x0000000008005eb4       0x5c /usr/lib/gcc/arm-none-eabi/4.9.3/../../../arm-none-eabi/lib/armv7e-m/fpu/libc.a(lib_a-s_fpclassify.o)
                0x0000000008005eb4                __fpclassifyd
 .text._sbrk_r  0x0000000008005f10       0x24 /usr/lib/gcc/arm-none-eabi/4.9.3/../../../arm-none-eabi/lib/armv7e-m/fpu/libc.a(lib_a-sbrkr.o)
                0x0000000008005f10                _sbrk_r
 .text.__sread  0x0000000008005f34       0x24 /usr/lib/gcc/arm-none-eabi/4.9.3/../../../arm-none-eabi/lib/armv7e-m/fpu/libc.a(lib_a-stdio.o)
                0x0000000008005f34                __sread
 .text.__swrite
                0x0000000008005f58       0x38 /usr/lib/gcc/arm-none-eabi/4.9.3/../../../arm-none-eabi/lib/armv7e-m/fpu/libc.a(lib_a-stdio.o)
                0x0000000008005f58                __swrite
 .text.__sseek  0x0000000008005f90       0x20 /usr/lib/gcc/arm-none-eabi/4.9.3/../../../arm-none-eabi/lib/armv7e-m/fpu/libc.a(lib_a-stdio.o)
                0x0000000008005f90                __sseek
 .text.__sclose
                0x0000000008005fb0        0x8 /usr/lib/gcc/arm-none-eabi/4.9.3/../../../arm-none-eabi/lib/armv7e-m/fpu/libc.a(lib_a-stdio.o)
                0x0000000008005fb0                __sclose
 .text.strlen   0x0000000008005fb8       0x5c /usr/lib/gcc/arm-none-eabi/4.9.3/../../../arm-none-eabi/lib/armv7e-m/fpu/libc.a(lib_a-strlen.o)
                0x0000000008005fb8                strlen
 .text.__sprint_r.part.0
                0x0000000008006014       0x78 /usr/lib/gcc/arm-none-eabi/4.9.3/../../../arm-none-eabi/lib/armv7e-m/fpu/libc.a(lib_a-vfiprintf.o)
 .text.__sprint_r
                0x000000000800608c       0x18 /usr/lib/gcc/arm-none-eabi/4.9.3/../../../arm-none-eabi/lib/armv7e-m/fpu/libc.a(lib_a-vfiprintf.o)
                0x000000000800608c                __sprint_r
 .text._write_r
                0x00000000080060a4       0x28 /usr/lib/gcc/arm-none-eabi/4.9.3/../../../arm-none-eabi/lib/armv7e-m/fpu/libc.a(lib_a-writer.o)
                0x00000000080060a4                _write_r
 .text._calloc_r
                0x00000000080060cc       0x60 /usr/lib/gcc/arm-none-eabi/4.9.3/../../../arm-none-eabi/lib/armv7e-m/fpu/libc.a(lib_a-callocr.o)
                0x00000000080060cc                _calloc_r
 .text._close_r
                0x000000000800612c       0x24 /usr/lib/gcc/arm-none-eabi/4.9.3/../../../arm-none-eabi/lib/armv7e-m/fpu/libc.a(lib_a-closer.o)
                0x000000000800612c                _close_r
 .text._fclose_r
                0x0000000008006150       0x84 /usr/lib/gcc/arm-none-eabi/4.9.3/../../../arm-none-eabi/lib/armv7e-m/fpu/libc.a(lib_a-fclose.o)
                0x0000000008006150                _fclose_r
 .text.__fputwc
                0x00000000080061d4       0xb0 /usr/lib/gcc/arm-none-eabi/4.9.3/../../../arm-none-eabi/lib/armv7e-m/fpu/libc.a(lib_a-fputwc.o)
                0x00000000080061d4                __fputwc
 .text._fputwc_r
                0x0000000008006284       0x24 /usr/lib/gcc/arm-none-eabi/4.9.3/../../../arm-none-eabi/lib/armv7e-m/fpu/libc.a(lib_a-fputwc.o)
                0x0000000008006284                _fputwc_r
 .text._fstat_r
                0x00000000080062a8       0x28 /usr/lib/gcc/arm-none-eabi/4.9.3/../../../arm-none-eabi/lib/armv7e-m/fpu/libc.a(lib_a-fstatr.o)
                0x00000000080062a8                _fstat_r
 .text.__sfvwrite_r
                0x00000000080062d0      0x318 /usr/lib/gcc/arm-none-eabi/4.9.3/../../../arm-none-eabi/lib/armv7e-m/fpu/libc.a(lib_a-fvwrite.o)
                0x00000000080062d0                __sfvwrite_r
 .text._isatty_r
                0x00000000080065e8       0x24 /usr/lib/gcc/arm-none-eabi/4.9.3/../../../arm-none-eabi/lib/armv7e-m/fpu/libc.a(lib_a-isattyr.o)
                0x00000000080065e8                _isatty_r
 .text._lseek_r
                0x000000000800660c       0x28 /usr/lib/gcc/arm-none-eabi/4.9.3/../../../arm-none-eabi/lib/armv7e-m/fpu/libc.a(lib_a-lseekr.o)
                0x000000000800660c                _lseek_r
 .text.memmove  0x0000000008006634       0xc8 /usr/lib/gcc/arm-none-eabi/4.9.3/../../../arm-none-eabi/lib/armv7e-m/fpu/libc.a(lib_a-memmove.o)
                0x0000000008006634                memmove
 .text._read_r  0x00000000080066fc       0x28 /usr/lib/gcc/arm-none-eabi/4.9.3/../../../arm-none-eabi/lib/armv7e-m/fpu/libc.a(lib_a-readr.o)
                0x00000000080066fc                _read_r
 .text._realloc_r
                0x0000000008006724      0x3ec /usr/lib/gcc/arm-none-eabi/4.9.3/../../../arm-none-eabi/lib/armv7e-m/fpu/libc.a(lib_a-reallocr.o)
                0x0000000008006724                _realloc_r
 .text.__swbuf_r
                0x0000000008006b10       0xa8 /usr/lib/gcc/arm-none-eabi/4.9.3/../../../arm-none-eabi/lib/armv7e-m/fpu/libc.a(lib_a-wbuf.o)
                0x0000000008006b10                __swbuf_r
 .text._wcrtomb_r
                0x0000000008006bb8       0x54 /usr/lib/gcc/arm-none-eabi/4.9.3/../../../arm-none-eabi/lib/armv7e-m/fpu/libc.a(lib_a-wcrtomb.o)
                0x0000000008006bb8                _wcrtomb_r
 .text.__ascii_wctomb
                0x0000000008006c0c       0x1c /usr/lib/gcc/arm-none-eabi/4.9.3/../../../arm-none-eabi/lib/armv7e-m/fpu/libc.a(lib_a-wctomb_r.o)
                0x0000000008006c0c                __ascii_wctomb
 *(.glue_7)
 .glue_7        0x0000000008006c28        0x0 linker stubs
 *(.glue_7t)
 .glue_7t       0x0000000008006c28        0x0 linker stubs
 *(.eh_frame)
 *(.init)
 *(.fini)
                0x0000000008006c28                . = ALIGN (0x4)
                0x0000000008006c28                _etext = .

.vfp11_veneer   0x0000000008006c28        0x0
 .vfp11_veneer  0x0000000008006c28        0x0 linker stubs

.v4_bx          0x0000000008006c28        0x0
 .v4_bx         0x0000000008006c28        0x0 linker stubs

.iplt           0x0000000008006c28        0x0
 .iplt          0x0000000008006c28        0x0 lib/STM32F4xx_StdPeriph_Driver/src/stm32f4xx_flash.o

.rodata         0x0000000008006c28      0x490
                0x0000000008006c28                . = ALIGN (0x4)
 *(.rodata)
 .rodata        0x0000000008006c28       0x6b src/main.o
 *(.rodata*)
 *fill*         0x0000000008006c93        0x1 
 .rodata.font   0x0000000008006c94      0x2a0 src/st7920.o
                0x0000000008006c94                font
 .rodata.str1.4
                0x0000000008006f34        0x2 /usr/lib/gcc/arm-none-eabi/4.9.3/../../../arm-none-eabi/lib/armv7e-m/fpu/libc.a(lib_a-impure.o)
                                          0x4 (size before relaxing)
 *fill*         0x0000000008006f36        0x2 
 .rodata.zeroes.6926
                0x0000000008006f38       0x10 /usr/lib/gcc/arm-none-eabi/4.9.3/../../../arm-none-eabi/lib/armv7e-m/fpu/libc.a(lib_a-vfprintf.o)
 .rodata.str1.4
                0x0000000008006f48       0x42 /usr/lib/gcc/arm-none-eabi/4.9.3/../../../arm-none-eabi/lib/armv7e-m/fpu/libc.a(lib_a-vfprintf.o)
                                         0x44 (size before relaxing)
 *fill*         0x0000000008006f8a        0x2 
 .rodata.blanks.6925
                0x0000000008006f8c       0x10 /usr/lib/gcc/arm-none-eabi/4.9.3/../../../arm-none-eabi/lib/armv7e-m/fpu/libc.a(lib_a-vfprintf.o)
 .rodata.str1.4
                0x0000000008006f9c       0x10 /usr/lib/gcc/arm-none-eabi/4.9.3/../../../arm-none-eabi/lib/armv7e-m/fpu/libc.a(lib_a-dtoa.o)
                                         0x14 (size before relaxing)
 .rodata.str1.4
                0x0000000008006fac        0xc /usr/lib/gcc/arm-none-eabi/4.9.3/../../../arm-none-eabi/lib/armv7e-m/fpu/libc.a(lib_a-locale.o)
                                         0x14 (size before relaxing)
 .rodata.__mprec_tens
                0x0000000008006fb8       0xc8 /usr/lib/gcc/arm-none-eabi/4.9.3/../../../arm-none-eabi/lib/armv7e-m/fpu/libc.a(lib_a-mprec.o)
                0x0000000008006fb8                __mprec_tens
 .rodata.p05.5302
                0x0000000008007080        0xc /usr/lib/gcc/arm-none-eabi/4.9.3/../../../arm-none-eabi/lib/armv7e-m/fpu/libc.a(lib_a-mprec.o)
 *fill*         0x000000000800708c        0x4 
 .rodata.__mprec_bigtens
                0x0000000008007090       0x28 /usr/lib/gcc/arm-none-eabi/4.9.3/../../../arm-none-eabi/lib/armv7e-m/fpu/libc.a(lib_a-mprec.o)
                0x0000000008007090                __mprec_bigtens
                0x00000000080070b8                . = ALIGN (0x4)

.ARM.extab
 *(.ARM.extab* .gnu.linkonce.armextab.*)

.ARM            0x00000000080070b8        0x8
                0x00000000080070b8                __exidx_start = .
 *(.ARM.exidx*)
 .ARM.exidx     0x00000000080070b8        0x8 /usr/lib/gcc/arm-none-eabi/4.9.3/armv7e-m/fpu/libgcc.a(_divdi3.o)
 .ARM.exidx     0x00000000080070c0        0x0 /usr/lib/gcc/arm-none-eabi/4.9.3/armv7e-m/fpu/libgcc.a(_udivdi3.o)
                                          0x8 (size before relaxing)
                0x00000000080070c0                __exidx_end = .

.rel.dyn        0x00000000080070c0        0x0
 .rel.iplt      0x00000000080070c0        0x0 lib/STM32F4xx_StdPeriph_Driver/src/stm32f4xx_flash.o

.preinit_array  0x00000000080070c0        0x0
                [!provide]                        PROVIDE (__preinit_array_start, .)
 *(.preinit_array*)
                [!provide]                        PROVIDE (__preinit_array_end, .)

.init_array     0x00000000080070c0        0x0
                [!provide]                        PROVIDE (__init_array_start, .)
 *(SORT(.init_array.*))
 *(.init_array*)
                [!provide]                        PROVIDE (__init_array_end, .)

.fini_array     0x00000000080070c0        0x0
                [!provide]                        PROVIDE (__fini_array_start, .)
 *(SORT(.fini_array.*))
 *(.fini_array*)
                [!provide]                        PROVIDE (__fini_array_end, .)
                0x00000000080070c0                _sidata = LOADADDR (.data)

.data           0x0000000020000000      0x8b4 load address 0x00000000080070c0
                0x0000000020000000                . = ALIGN (0x4)
                0x0000000020000000                _sdata = .
 *(.data)
 *(.data*)
 .data.SystemCoreClock
                0x0000000020000000        0x4 common/src/system_stm32f4xx.o
                0x0000000020000000                SystemCoreClock
 .data.AHBPrescTable
                0x0000000020000004       0x10 common/src/system_stm32f4xx.o
                0x0000000020000004                AHBPrescTable
 *fill*         0x0000000020000014        0x4 
 .data.impure_data
                0x0000000020000018      0x428 /usr/lib/gcc/arm-none-eabi/4.9.3/../../../arm-none-eabi/lib/armv7e-m/fpu/libc.a(lib_a-impure.o)
 .data._impure_ptr
                0x0000000020000440        0x4 /usr/lib/gcc/arm-none-eabi/4.9.3/../../../arm-none-eabi/lib/armv7e-m/fpu/libc.a(lib_a-impure.o)
                0x0000000020000440                _impure_ptr
 .data.lconv    0x0000000020000444       0x38 /usr/lib/gcc/arm-none-eabi/4.9.3/../../../arm-none-eabi/lib/armv7e-m/fpu/libc.a(lib_a-locale.o)
 .data.lc_ctype_charset
                0x000000002000047c       0x20 /usr/lib/gcc/arm-none-eabi/4.9.3/../../../arm-none-eabi/lib/armv7e-m/fpu/libc.a(lib_a-locale.o)
 .data.__mb_cur_max
                0x000000002000049c        0x4 /usr/lib/gcc/arm-none-eabi/4.9.3/../../../arm-none-eabi/lib/armv7e-m/fpu/libc.a(lib_a-locale.o)
                0x000000002000049c                __mb_cur_max
 .data.__malloc_av_
                0x00000000200004a0      0x408 /usr/lib/gcc/arm-none-eabi/4.9.3/../../../arm-none-eabi/lib/armv7e-m/fpu/libc.a(lib_a-mallocr.o)
                0x00000000200004a0                __malloc_av_
 .data.__malloc_trim_threshold
                0x00000000200008a8        0x4 /usr/lib/gcc/arm-none-eabi/4.9.3/../../../arm-none-eabi/lib/armv7e-m/fpu/libc.a(lib_a-mallocr.o)
                0x00000000200008a8                __malloc_trim_threshold
 .data.__malloc_sbrk_base
                0x00000000200008ac        0x4 /usr/lib/gcc/arm-none-eabi/4.9.3/../../../arm-none-eabi/lib/armv7e-m/fpu/libc.a(lib_a-mallocr.o)
                0x00000000200008ac                __malloc_sbrk_base
 .data.__wctomb
                0x00000000200008b0        0x4 /usr/lib/gcc/arm-none-eabi/4.9.3/../../../arm-none-eabi/lib/armv7e-m/fpu/libc.a(lib_a-wctomb_r.o)
                0x00000000200008b0                __wctomb
                0x00000000200008b4                . = ALIGN (0x4)
                0x00000000200008b4                _edata = .
                0x0000000008007974                _siccmram = LOADADDR (.ccmram)

.igot.plt       0x00000000200008b4        0x0 load address 0x0000000008007974
 .igot.plt      0x00000000200008b4        0x0 lib/STM32F4xx_StdPeriph_Driver/src/stm32f4xx_flash.o

.ccmram         0x0000000010000000        0x0 load address 0x0000000008007974
                0x0000000010000000                . = ALIGN (0x4)
                0x0000000010000000                _sccmram = .
 *(.ccmram)
 *(.ccmram*)
                0x0000000010000000                . = ALIGN (0x4)
                0x0000000010000000                _eccmram = .
                0x0000000010000000                . = ALIGN (0x4)

.bss            0x00000000200008b4      0x460
                0x00000000200008b4                _sbss = .
                0x00000000200008b4                __bss_start__ = _sbss
 *(.bss)
 *(.bss*)
 .bss.screen_buf
                0x00000000200008b4      0x400 src/st7920.o
 .bss.delay     0x0000000020000cb4        0x4 src/st7920.o
 .bss.font_x    0x0000000020000cb8        0x4 src/st7920.o
 .bss.font_y    0x0000000020000cbc        0x4 src/st7920.o
 .bss.percentage.5365
                0x0000000020000cc0        0x4 src/st7920.o
 .bss.dummy_heap
                0x0000000020000cc4       0x10 src/stubs.o
 .bss.tick      0x0000000020000cd4        0x4 src/main.o
                0x0000000020000cd4                tick
 .bss.__malloc_max_total_mem
                0x0000000020000cd8        0x4 /usr/lib/gcc/arm-none-eabi/4.9.3/../../../arm-none-eabi/lib/armv7e-m/fpu/libc.a(lib_a-mallocr.o)
                0x0000000020000cd8                __malloc_max_total_mem
 .bss.__malloc_max_sbrked_mem
                0x0000000020000cdc        0x4 /usr/lib/gcc/arm-none-eabi/4.9.3/../../../arm-none-eabi/lib/armv7e-m/fpu/libc.a(lib_a-mallocr.o)
                0x0000000020000cdc                __malloc_max_sbrked_mem
 .bss.__malloc_top_pad
                0x0000000020000ce0        0x4 /usr/lib/gcc/arm-none-eabi/4.9.3/../../../arm-none-eabi/lib/armv7e-m/fpu/libc.a(lib_a-mallocr.o)
                0x0000000020000ce0                __malloc_top_pad
 .bss.__malloc_current_mallinfo
                0x0000000020000ce4       0x28 /usr/lib/gcc/arm-none-eabi/4.9.3/../../../arm-none-eabi/lib/armv7e-m/fpu/libc.a(lib_a-mallocr.o)
                0x0000000020000ce4                __malloc_current_mallinfo
 *(COMMON)
 COMMON         0x0000000020000d0c        0x4 src/main.o
                0x0000000020000d0c                delay
 COMMON         0x0000000020000d10        0x4 /usr/lib/gcc/arm-none-eabi/4.9.3/../../../arm-none-eabi/lib/armv7e-m/fpu/libc.a(lib_a-reent.o)
                0x0000000020000d10                errno
                0x0000000020000d14                . = ALIGN (0x4)
                0x0000000020000d14                _ebss = .
                0x0000000020000d14                __bss_end__ = _ebss

._user_heap_stack
                0x0000000020000d14      0x604
                0x0000000020000d18                . = ALIGN (0x8)
 *fill*         0x0000000020000d14        0x4 
                [!provide]                        PROVIDE (end, .)
                [!provide]                        PROVIDE (_end, .)
                0x0000000020000f18                . = (. + _Min_Heap_Size)
 *fill*         0x0000000020000d18      0x200 
                0x0000000020001318                . = (. + _Min_Stack_Size)
 *fill*         0x0000000020000f18      0x400 
                0x0000000020001318                . = ALIGN (0x8)

/DISCARD/
 libc.a(*)
 libm.a(*)
 libgcc.a(*)

.ARM.attributes
                0x0000000000000000       0x37
 *(.ARM.attributes)
 .ARM.attributes
                0x0000000000000000       0x39 lib/STM32F4xx_StdPeriph_Driver/src/stm32f4xx_gpio.o
 .ARM.attributes
                0x0000000000000039       0x39 lib/STM32F4xx_StdPeriph_Driver/src/stm32f4xx_rcc.o
 .ARM.attributes
                0x0000000000000072       0x39 lib/STM32F4xx_StdPeriph_Driver/src/stm32f4xx_spi.o
 .ARM.attributes
                0x00000000000000ab       0x39 common/src/system_stm32f4xx.o
 .ARM.attributes
                0x00000000000000e4       0x21 common/src/startup_stm32f40_41xxx.o
 .ARM.attributes
                0x0000000000000105       0x39 src/st7920.o
 .ARM.attributes
                0x000000000000013e       0x39 src/stubs.o
 .ARM.attributes
                0x0000000000000177       0x39 src/gpio.o
 .ARM.attributes
                0x00000000000001b0       0x39 src/main.o
 .ARM.attributes
                0x00000000000001e9       0x39 src/spi.o
 .ARM.attributes
                0x0000000000000222       0x34 /usr/lib/gcc/arm-none-eabi/4.9.3/../../../arm-none-eabi/lib/armv7e-m/fpu/libc.a(lib_a-impure.o)
 .ARM.attributes
                0x0000000000000256       0x34 /usr/lib/gcc/arm-none-eabi/4.9.3/../../../arm-none-eabi/lib/armv7e-m/fpu/libc.a(lib_a-printf.o)
 .ARM.attributes
                0x000000000000028a       0x34 /usr/lib/gcc/arm-none-eabi/4.9.3/../../../arm-none-eabi/lib/armv7e-m/fpu/libc.a(lib_a-reent.o)
 .ARM.attributes
                0x00000000000002be       0x34 /usr/lib/gcc/arm-none-eabi/4.9.3/../../../arm-none-eabi/lib/armv7e-m/fpu/libc.a(lib_a-setvbuf.o)
 .ARM.attributes
                0x00000000000002f2       0x34 /usr/lib/gcc/arm-none-eabi/4.9.3/../../../arm-none-eabi/lib/armv7e-m/fpu/libc.a(lib_a-vfprintf.o)
 .ARM.attributes
                0x0000000000000326       0x34 /usr/lib/gcc/arm-none-eabi/4.9.3/../../../arm-none-eabi/lib/armv7e-m/fpu/libc.a(lib_a-wsetup.o)
 .ARM.attributes
                0x000000000000035a       0x34 /usr/lib/gcc/arm-none-eabi/4.9.3/../../../arm-none-eabi/lib/armv7e-m/fpu/libc.a(lib_a-dtoa.o)
 .ARM.attributes
                0x000000000000038e       0x34 /usr/lib/gcc/arm-none-eabi/4.9.3/../../../arm-none-eabi/lib/armv7e-m/fpu/libc.a(lib_a-fflush.o)
 .ARM.attributes
                0x00000000000003c2       0x34 /usr/lib/gcc/arm-none-eabi/4.9.3/../../../arm-none-eabi/lib/armv7e-m/fpu/libc.a(lib_a-findfp.o)
 .ARM.attributes
                0x00000000000003f6       0x34 /usr/lib/gcc/arm-none-eabi/4.9.3/../../../arm-none-eabi/lib/armv7e-m/fpu/libc.a(lib_a-freer.o)
 .ARM.attributes
                0x000000000000042a       0x34 /usr/lib/gcc/arm-none-eabi/4.9.3/../../../arm-none-eabi/lib/armv7e-m/fpu/libc.a(lib_a-fwalk.o)
 .ARM.attributes
                0x000000000000045e       0x34 /usr/lib/gcc/arm-none-eabi/4.9.3/../../../arm-none-eabi/lib/armv7e-m/fpu/libc.a(lib_a-locale.o)
 .ARM.attributes
                0x0000000000000492       0x34 /usr/lib/gcc/arm-none-eabi/4.9.3/../../../arm-none-eabi/lib/armv7e-m/fpu/libc.a(lib_a-makebuf.o)
 .ARM.attributes
                0x00000000000004c6       0x34 /usr/lib/gcc/arm-none-eabi/4.9.3/../../../arm-none-eabi/lib/armv7e-m/fpu/libc.a(lib_a-malloc.o)
 .ARM.attributes
                0x00000000000004fa       0x34 /usr/lib/gcc/arm-none-eabi/4.9.3/../../../arm-none-eabi/lib/armv7e-m/fpu/libc.a(lib_a-mallocr.o)
 .ARM.attributes
                0x000000000000052e       0x34 /usr/lib/gcc/arm-none-eabi/4.9.3/../../../arm-none-eabi/lib/armv7e-m/fpu/libc.a(lib_a-memchr.o)
 .ARM.attributes
                0x0000000000000562       0x20 /usr/lib/gcc/arm-none-eabi/4.9.3/../../../arm-none-eabi/lib/armv7e-m/fpu/libc.a(lib_a-memcpy.o)
 .ARM.attributes
                0x0000000000000582       0x34 /usr/lib/gcc/arm-none-eabi/4.9.3/../../../arm-none-eabi/lib/armv7e-m/fpu/libc.a(lib_a-memset.o)
 .ARM.attributes
                0x00000000000005b6       0x34 /usr/lib/gcc/arm-none-eabi/4.9.3/../../../arm-none-eabi/lib/armv7e-m/fpu/libc.a(lib_a-mlock.o)
 .ARM.attributes
                0x00000000000005ea       0x34 /usr/lib/gcc/arm-none-eabi/4.9.3/../../../arm-none-eabi/lib/armv7e-m/fpu/libc.a(lib_a-mprec.o)
 .ARM.attributes
                0x000000000000061e       0x34 /usr/lib/gcc/arm-none-eabi/4.9.3/../../../arm-none-eabi/lib/armv7e-m/fpu/libc.a(lib_a-s_fpclassify.o)
 .ARM.attributes
                0x0000000000000652       0x34 /usr/lib/gcc/arm-none-eabi/4.9.3/../../../arm-none-eabi/lib/armv7e-m/fpu/libc.a(lib_a-sbrkr.o)
 .ARM.attributes
                0x0000000000000686       0x34 /usr/lib/gcc/arm-none-eabi/4.9.3/../../../arm-none-eabi/lib/armv7e-m/fpu/libc.a(lib_a-stdio.o)
 .ARM.attributes
                0x00000000000006ba       0x34 /usr/lib/gcc/arm-none-eabi/4.9.3/../../../arm-none-eabi/lib/armv7e-m/fpu/libc.a(lib_a-strlen.o)
 .ARM.attributes
                0x00000000000006ee       0x34 /usr/lib/gcc/arm-none-eabi/4.9.3/../../../arm-none-eabi/lib/armv7e-m/fpu/libc.a(lib_a-vfiprintf.o)
 .ARM.attributes
                0x0000000000000722       0x34 /usr/lib/gcc/arm-none-eabi/4.9.3/../../../arm-none-eabi/lib/armv7e-m/fpu/libc.a(lib_a-writer.o)
 .ARM.attributes
                0x0000000000000756       0x34 /usr/lib/gcc/arm-none-eabi/4.9.3/../../../arm-none-eabi/lib/armv7e-m/fpu/libc.a(lib_a-callocr.o)
 .ARM.attributes
                0x000000000000078a       0x34 /usr/lib/gcc/arm-none-eabi/4.9.3/../../../arm-none-eabi/lib/armv7e-m/fpu/libc.a(lib_a-closer.o)
 .ARM.attributes
                0x00000000000007be       0x34 /usr/lib/gcc/arm-none-eabi/4.9.3/../../../arm-none-eabi/lib/armv7e-m/fpu/libc.a(lib_a-fclose.o)
 .ARM.attributes
                0x00000000000007f2       0x34 /usr/lib/gcc/arm-none-eabi/4.9.3/../../../arm-none-eabi/lib/armv7e-m/fpu/libc.a(lib_a-fputwc.o)
 .ARM.attributes
                0x0000000000000826       0x34 /usr/lib/gcc/arm-none-eabi/4.9.3/../../../arm-none-eabi/lib/armv7e-m/fpu/libc.a(lib_a-fstatr.o)
 .ARM.attributes
                0x000000000000085a       0x34 /usr/lib/gcc/arm-none-eabi/4.9.3/../../../arm-none-eabi/lib/armv7e-m/fpu/libc.a(lib_a-fvwrite.o)
 .ARM.attributes
                0x000000000000088e       0x34 /usr/lib/gcc/arm-none-eabi/4.9.3/../../../arm-none-eabi/lib/armv7e-m/fpu/libc.a(lib_a-isattyr.o)
 .ARM.attributes
                0x00000000000008c2       0x34 /usr/lib/gcc/arm-none-eabi/4.9.3/../../../arm-none-eabi/lib/armv7e-m/fpu/libc.a(lib_a-lseekr.o)
 .ARM.attributes
                0x00000000000008f6       0x34 /usr/lib/gcc/arm-none-eabi/4.9.3/../../../arm-none-eabi/lib/armv7e-m/fpu/libc.a(lib_a-memmove.o)
 .ARM.attributes
                0x000000000000092a       0x34 /usr/lib/gcc/arm-none-eabi/4.9.3/../../../arm-none-eabi/lib/armv7e-m/fpu/libc.a(lib_a-readr.o)
 .ARM.attributes
                0x000000000000095e       0x34 /usr/lib/gcc/arm-none-eabi/4.9.3/../../../arm-none-eabi/lib/armv7e-m/fpu/libc.a(lib_a-reallocr.o)
 .ARM.attributes
                0x0000000000000992       0x34 /usr/lib/gcc/arm-none-eabi/4.9.3/../../../arm-none-eabi/lib/armv7e-m/fpu/libc.a(lib_a-wbuf.o)
 .ARM.attributes
                0x00000000000009c6       0x34 /usr/lib/gcc/arm-none-eabi/4.9.3/../../../arm-none-eabi/lib/armv7e-m/fpu/libc.a(lib_a-wcrtomb.o)
 .ARM.attributes
                0x00000000000009fa       0x34 /usr/lib/gcc/arm-none-eabi/4.9.3/../../../arm-none-eabi/lib/armv7e-m/fpu/libc.a(lib_a-wctomb_r.o)
 .ARM.attributes
                0x0000000000000a2e       0x22 /usr/lib/gcc/arm-none-eabi/4.9.3/armv7e-m/fpu/libgcc.a(_arm_addsubdf3.o)
 .ARM.attributes
                0x0000000000000a50       0x22 /usr/lib/gcc/arm-none-eabi/4.9.3/armv7e-m/fpu/libgcc.a(_arm_muldivdf3.o)
 .ARM.attributes
                0x0000000000000a72       0x22 /usr/lib/gcc/arm-none-eabi/4.9.3/armv7e-m/fpu/libgcc.a(_arm_cmpdf2.o)
 .ARM.attributes
                0x0000000000000a94       0x22 /usr/lib/gcc/arm-none-eabi/4.9.3/armv7e-m/fpu/libgcc.a(_arm_fixdfsi.o)
 .ARM.attributes
                0x0000000000000ab6       0x22 /usr/lib/gcc/arm-none-eabi/4.9.3/armv7e-m/fpu/libgcc.a(_aeabi_uldivmod.o)
 .ARM.attributes
                0x0000000000000ad8       0x34 /usr/lib/gcc/arm-none-eabi/4.9.3/armv7e-m/fpu/libgcc.a(bpabi.o)
 .ARM.attributes
                0x0000000000000b0c       0x22 /usr/lib/gcc/arm-none-eabi/4.9.3/armv7e-m/fpu/libgcc.a(_dvmd_tls.o)
 .ARM.attributes
                0x0000000000000b2e       0x34 /usr/lib/gcc/arm-none-eabi/4.9.3/armv7e-m/fpu/libgcc.a(_divdi3.o)
 .ARM.attributes
                0x0000000000000b62       0x34 /usr/lib/gcc/arm-none-eabi/4.9.3/armv7e-m/fpu/libgcc.a(_udivdi3.o)
OUTPUT(lcd.elf elf32-littlearm)

.debug_info     0x0000000000000000    0x1ea69
 .debug_info    0x0000000000000000      0x60d lib/STM32F4xx_StdPeriph_Driver/src/stm32f4xx_gpio.o
 .debug_info    0x000000000000060d      0xe4a lib/STM32F4xx_StdPeriph_Driver/src/stm32f4xx_rcc.o
 .debug_info    0x0000000000001457      0xb43 lib/STM32F4xx_StdPeriph_Driver/src/stm32f4xx_spi.o
 .debug_info    0x0000000000001f9a      0x5de common/src/system_stm32f4xx.o
 .debug_info    0x0000000000002578       0x63 common/src/startup_stm32f40_41xxx.o
 .debug_info    0x00000000000025db      0x661 src/st7920.o
 .debug_info    0x0000000000002c3c      0x3b3 src/stubs.o
 .debug_info    0x0000000000002fef      0x2dc src/gpio.o
 .debug_info    0x00000000000032cb      0xee6 src/main.o
 .debug_info    0x00000000000041b1      0x4d1 src/spi.o
 .debug_info    0x0000000000004682      0x894 /usr/lib/gcc/arm-none-eabi/4.9.3/../../../arm-none-eabi/lib/armv7e-m/fpu/libc.a(lib_a-impure.o)
 .debug_info    0x0000000000004f16      0x9ab /usr/lib/gcc/arm-none-eabi/4.9.3/../../../arm-none-eabi/lib/armv7e-m/fpu/libc.a(lib_a-printf.o)
 .debug_info    0x00000000000058c1      0x9fb /usr/lib/gcc/arm-none-eabi/4.9.3/../../../arm-none-eabi/lib/armv7e-m/fpu/libc.a(lib_a-reent.o)
 .debug_info    0x00000000000062bc      0x9d3 /usr/lib/gcc/arm-none-eabi/4.9.3/../../../arm-none-eabi/lib/armv7e-m/fpu/libc.a(lib_a-setvbuf.o)
 .debug_info    0x0000000000006c8f     0x183c /usr/lib/gcc/arm-none-eabi/4.9.3/../../../arm-none-eabi/lib/armv7e-m/fpu/libc.a(lib_a-vfprintf.o)
 .debug_info    0x00000000000084cb      0x93b /usr/lib/gcc/arm-none-eabi/4.9.3/../../../arm-none-eabi/lib/armv7e-m/fpu/libc.a(lib_a-wsetup.o)
 .debug_info    0x0000000000008e06     0x134e /usr/lib/gcc/arm-none-eabi/4.9.3/../../../arm-none-eabi/lib/armv7e-m/fpu/libc.a(lib_a-dtoa.o)
 .debug_info    0x000000000000a154      0xab3 /usr/lib/gcc/arm-none-eabi/4.9.3/../../../arm-none-eabi/lib/armv7e-m/fpu/libc.a(lib_a-fflush.o)
 .debug_info    0x000000000000ac07      0xdc0 /usr/lib/gcc/arm-none-eabi/4.9.3/../../../arm-none-eabi/lib/armv7e-m/fpu/libc.a(lib_a-findfp.o)
 .debug_info    0x000000000000b9c7      0xc1c /usr/lib/gcc/arm-none-eabi/4.9.3/../../../arm-none-eabi/lib/armv7e-m/fpu/libc.a(lib_a-freer.o)
 .debug_info    0x000000000000c5e3      0x99e /usr/lib/gcc/arm-none-eabi/4.9.3/../../../arm-none-eabi/lib/armv7e-m/fpu/libc.a(lib_a-fwalk.o)
 .debug_info    0x000000000000cf81      0xc24 /usr/lib/gcc/arm-none-eabi/4.9.3/../../../arm-none-eabi/lib/armv7e-m/fpu/libc.a(lib_a-locale.o)
 .debug_info    0x000000000000dba5      0xae6 /usr/lib/gcc/arm-none-eabi/4.9.3/../../../arm-none-eabi/lib/armv7e-m/fpu/libc.a(lib_a-makebuf.o)
 .debug_info    0x000000000000e68b      0x915 /usr/lib/gcc/arm-none-eabi/4.9.3/../../../arm-none-eabi/lib/armv7e-m/fpu/libc.a(lib_a-malloc.o)
 .debug_info    0x000000000000efa0      0xd8b /usr/lib/gcc/arm-none-eabi/4.9.3/../../../arm-none-eabi/lib/armv7e-m/fpu/libc.a(lib_a-mallocr.o)
 .debug_info    0x000000000000fd2b      0x129 /usr/lib/gcc/arm-none-eabi/4.9.3/../../../arm-none-eabi/lib/armv7e-m/fpu/libc.a(lib_a-memchr.o)
 .debug_info    0x000000000000fe54       0xd5 /usr/lib/gcc/arm-none-eabi/4.9.3/../../../arm-none-eabi/lib/armv7e-m/fpu/libc.a(lib_a-memcpy.o)
 .debug_info    0x000000000000ff29      0x117 /usr/lib/gcc/arm-none-eabi/4.9.3/../../../arm-none-eabi/lib/armv7e-m/fpu/libc.a(lib_a-memset.o)
 .debug_info    0x0000000000010040      0x8b4 /usr/lib/gcc/arm-none-eabi/4.9.3/../../../arm-none-eabi/lib/armv7e-m/fpu/libc.a(lib_a-mlock.o)
 .debug_info    0x00000000000108f4     0x1684 /usr/lib/gcc/arm-none-eabi/4.9.3/../../../arm-none-eabi/lib/armv7e-m/fpu/libc.a(lib_a-mprec.o)
 .debug_info    0x0000000000011f78       0xde /usr/lib/gcc/arm-none-eabi/4.9.3/../../../arm-none-eabi/lib/armv7e-m/fpu/libc.a(lib_a-s_fpclassify.o)
 .debug_info    0x0000000000012056      0x8f4 /usr/lib/gcc/arm-none-eabi/4.9.3/../../../arm-none-eabi/lib/armv7e-m/fpu/libc.a(lib_a-sbrkr.o)
 .debug_info    0x000000000001294a      0xb8a /usr/lib/gcc/arm-none-eabi/4.9.3/../../../arm-none-eabi/lib/armv7e-m/fpu/libc.a(lib_a-stdio.o)
 .debug_info    0x00000000000134d4       0xb5 /usr/lib/gcc/arm-none-eabi/4.9.3/../../../arm-none-eabi/lib/armv7e-m/fpu/libc.a(lib_a-strlen.o)
 .debug_info    0x0000000000013589     0x152f /usr/lib/gcc/arm-none-eabi/4.9.3/../../../arm-none-eabi/lib/armv7e-m/fpu/libc.a(lib_a-vfiprintf.o)
 .debug_info    0x0000000000014ab8      0x929 /usr/lib/gcc/arm-none-eabi/4.9.3/../../../arm-none-eabi/lib/armv7e-m/fpu/libc.a(lib_a-writer.o)
 .debug_info    0x00000000000153e1      0x9e0 /usr/lib/gcc/arm-none-eabi/4.9.3/../../../arm-none-eabi/lib/armv7e-m/fpu/libc.a(lib_a-callocr.o)
 .debug_info    0x0000000000015dc1      0x8e0 /usr/lib/gcc/arm-none-eabi/4.9.3/../../../arm-none-eabi/lib/armv7e-m/fpu/libc.a(lib_a-closer.o)
 .debug_info    0x00000000000166a1      0xa28 /usr/lib/gcc/arm-none-eabi/4.9.3/../../../arm-none-eabi/lib/armv7e-m/fpu/libc.a(lib_a-fclose.o)
 .debug_info    0x00000000000170c9      0xacc /usr/lib/gcc/arm-none-eabi/4.9.3/../../../arm-none-eabi/lib/armv7e-m/fpu/libc.a(lib_a-fputwc.o)
 .debug_info    0x0000000000017b95      0xa5e /usr/lib/gcc/arm-none-eabi/4.9.3/../../../arm-none-eabi/lib/armv7e-m/fpu/libc.a(lib_a-fstatr.o)
 .debug_info    0x00000000000185f3      0xc63 /usr/lib/gcc/arm-none-eabi/4.9.3/../../../arm-none-eabi/lib/armv7e-m/fpu/libc.a(lib_a-fvwrite.o)
 .debug_info    0x0000000000019256      0x8e0 /usr/lib/gcc/arm-none-eabi/4.9.3/../../../arm-none-eabi/lib/armv7e-m/fpu/libc.a(lib_a-isattyr.o)
 .debug_info    0x0000000000019b36      0x90c /usr/lib/gcc/arm-none-eabi/4.9.3/../../../arm-none-eabi/lib/armv7e-m/fpu/libc.a(lib_a-lseekr.o)
 .debug_info    0x000000000001a442      0x131 /usr/lib/gcc/arm-none-eabi/4.9.3/../../../arm-none-eabi/lib/armv7e-m/fpu/libc.a(lib_a-memmove.o)
 .debug_info    0x000000000001a573      0x922 /usr/lib/gcc/arm-none-eabi/4.9.3/../../../arm-none-eabi/lib/armv7e-m/fpu/libc.a(lib_a-readr.o)
 .debug_info    0x000000000001ae95      0xcbc /usr/lib/gcc/arm-none-eabi/4.9.3/../../../arm-none-eabi/lib/armv7e-m/fpu/libc.a(lib_a-reallocr.o)
 .debug_info    0x000000000001bb51      0x9cc /usr/lib/gcc/arm-none-eabi/4.9.3/../../../arm-none-eabi/lib/armv7e-m/fpu/libc.a(lib_a-wbuf.o)
 .debug_info    0x000000000001c51d      0xa75 /usr/lib/gcc/arm-none-eabi/4.9.3/../../../arm-none-eabi/lib/armv7e-m/fpu/libc.a(lib_a-wcrtomb.o)
 .debug_info    0x000000000001cf92      0x9b5 /usr/lib/gcc/arm-none-eabi/4.9.3/../../../arm-none-eabi/lib/armv7e-m/fpu/libc.a(lib_a-wctomb_r.o)
 .debug_info    0x000000000001d947       0xc2 /usr/lib/gcc/arm-none-eabi/4.9.3/armv7e-m/fpu/libgcc.a(_arm_addsubdf3.o)
 .debug_info    0x000000000001da09       0xc2 /usr/lib/gcc/arm-none-eabi/4.9.3/armv7e-m/fpu/libgcc.a(_arm_muldivdf3.o)
 .debug_info    0x000000000001dacb       0xc2 /usr/lib/gcc/arm-none-eabi/4.9.3/armv7e-m/fpu/libgcc.a(_arm_cmpdf2.o)
 .debug_info    0x000000000001db8d       0xc2 /usr/lib/gcc/arm-none-eabi/4.9.3/armv7e-m/fpu/libgcc.a(_arm_fixdfsi.o)
 .debug_info    0x000000000001dc4f       0xbd /usr/lib/gcc/arm-none-eabi/4.9.3/armv7e-m/fpu/libgcc.a(_aeabi_uldivmod.o)
 .debug_info    0x000000000001dd0c      0x164 /usr/lib/gcc/arm-none-eabi/4.9.3/armv7e-m/fpu/libgcc.a(bpabi.o)
 .debug_info    0x000000000001de70       0xc1 /usr/lib/gcc/arm-none-eabi/4.9.3/armv7e-m/fpu/libgcc.a(_dvmd_tls.o)
 .debug_info    0x000000000001df31      0x5bc /usr/lib/gcc/arm-none-eabi/4.9.3/armv7e-m/fpu/libgcc.a(_divdi3.o)
 .debug_info    0x000000000001e4ed      0x57c /usr/lib/gcc/arm-none-eabi/4.9.3/armv7e-m/fpu/libgcc.a(_udivdi3.o)

.debug_abbrev   0x0000000000000000     0x64b7
 .debug_abbrev  0x0000000000000000      0x1a8 lib/STM32F4xx_StdPeriph_Driver/src/stm32f4xx_gpio.o
 .debug_abbrev  0x00000000000001a8      0x1bf lib/STM32F4xx_StdPeriph_Driver/src/stm32f4xx_rcc.o
 .debug_abbrev  0x0000000000000367      0x16c lib/STM32F4xx_StdPeriph_Driver/src/stm32f4xx_spi.o
 .debug_abbrev  0x00000000000004d3      0x13b common/src/system_stm32f4xx.o
 .debug_abbrev  0x000000000000060e       0x12 common/src/startup_stm32f40_41xxx.o
 .debug_abbrev  0x0000000000000620      0x1c5 src/st7920.o
 .debug_abbrev  0x00000000000007e5       0xf8 src/stubs.o
 .debug_abbrev  0x00000000000008dd      0x11c src/gpio.o
 .debug_abbrev  0x00000000000009f9      0x271 src/main.o
 .debug_abbrev  0x0000000000000c6a      0x156 src/spi.o
 .debug_abbrev  0x0000000000000dc0      0x180 /usr/lib/gcc/arm-none-eabi/4.9.3/../../../arm-none-eabi/lib/armv7e-m/fpu/libc.a(lib_a-impure.o)
 .debug_abbrev  0x0000000000000f40      0x227 /usr/lib/gcc/arm-none-eabi/4.9.3/../../../arm-none-eabi/lib/armv7e-m/fpu/libc.a(lib_a-printf.o)
 .debug_abbrev  0x0000000000001167      0x25c /usr/lib/gcc/arm-none-eabi/4.9.3/../../../arm-none-eabi/lib/armv7e-m/fpu/libc.a(lib_a-reent.o)
 .debug_abbrev  0x00000000000013c3      0x242 /usr/lib/gcc/arm-none-eabi/4.9.3/../../../arm-none-eabi/lib/armv7e-m/fpu/libc.a(lib_a-setvbuf.o)
 .debug_abbrev  0x0000000000001605      0x3e0 /usr/lib/gcc/arm-none-eabi/4.9.3/../../../arm-none-eabi/lib/armv7e-m/fpu/libc.a(lib_a-vfprintf.o)
 .debug_abbrev  0x00000000000019e5      0x20b /usr/lib/gcc/arm-none-eabi/4.9.3/../../../arm-none-eabi/lib/armv7e-m/fpu/libc.a(lib_a-wsetup.o)
 .debug_abbrev  0x0000000000001bf0      0x2bc /usr/lib/gcc/arm-none-eabi/4.9.3/../../../arm-none-eabi/lib/armv7e-m/fpu/libc.a(lib_a-dtoa.o)
 .debug_abbrev  0x0000000000001eac      0x2a1 /usr/lib/gcc/arm-none-eabi/4.9.3/../../../arm-none-eabi/lib/armv7e-m/fpu/libc.a(lib_a-fflush.o)
 .debug_abbrev  0x000000000000214d      0x36d /usr/lib/gcc/arm-none-eabi/4.9.3/../../../arm-none-eabi/lib/armv7e-m/fpu/libc.a(lib_a-findfp.o)
 .debug_abbrev  0x00000000000024ba      0x27b /usr/lib/gcc/arm-none-eabi/4.9.3/../../../arm-none-eabi/lib/armv7e-m/fpu/libc.a(lib_a-freer.o)
 .debug_abbrev  0x0000000000002735      0x1c2 /usr/lib/gcc/arm-none-eabi/4.9.3/../../../arm-none-eabi/lib/armv7e-m/fpu/libc.a(lib_a-fwalk.o)
 .debug_abbrev  0x00000000000028f7      0x2ac /usr/lib/gcc/arm-none-eabi/4.9.3/../../../arm-none-eabi/lib/armv7e-m/fpu/libc.a(lib_a-locale.o)
 .debug_abbrev  0x0000000000002ba3      0x206 /usr/lib/gcc/arm-none-eabi/4.9.3/../../../arm-none-eabi/lib/armv7e-m/fpu/libc.a(lib_a-makebuf.o)
 .debug_abbrev  0x0000000000002da9      0x1fa /usr/lib/gcc/arm-none-eabi/4.9.3/../../../arm-none-eabi/lib/armv7e-m/fpu/libc.a(lib_a-malloc.o)
 .debug_abbrev  0x0000000000002fa3      0x2ad /usr/lib/gcc/arm-none-eabi/4.9.3/../../../arm-none-eabi/lib/armv7e-m/fpu/libc.a(lib_a-mallocr.o)
 .debug_abbrev  0x0000000000003250       0xba /usr/lib/gcc/arm-none-eabi/4.9.3/../../../arm-none-eabi/lib/armv7e-m/fpu/libc.a(lib_a-memchr.o)
 .debug_abbrev  0x000000000000330a       0x14 /usr/lib/gcc/arm-none-eabi/4.9.3/../../../arm-none-eabi/lib/armv7e-m/fpu/libc.a(lib_a-memcpy.o)
 .debug_abbrev  0x000000000000331e       0x9f /usr/lib/gcc/arm-none-eabi/4.9.3/../../../arm-none-eabi/lib/armv7e-m/fpu/libc.a(lib_a-memset.o)
 .debug_abbrev  0x00000000000033bd      0x19a /usr/lib/gcc/arm-none-eabi/4.9.3/../../../arm-none-eabi/lib/armv7e-m/fpu/libc.a(lib_a-mlock.o)
 .debug_abbrev  0x0000000000003557      0x39d /usr/lib/gcc/arm-none-eabi/4.9.3/../../../arm-none-eabi/lib/armv7e-m/fpu/libc.a(lib_a-mprec.o)
 .debug_abbrev  0x00000000000038f4       0x6f /usr/lib/gcc/arm-none-eabi/4.9.3/../../../arm-none-eabi/lib/armv7e-m/fpu/libc.a(lib_a-s_fpclassify.o)
 .debug_abbrev  0x0000000000003963      0x1fd /usr/lib/gcc/arm-none-eabi/4.9.3/../../../arm-none-eabi/lib/armv7e-m/fpu/libc.a(lib_a-sbrkr.o)
 .debug_abbrev  0x0000000000003b60      0x246 /usr/lib/gcc/arm-none-eabi/4.9.3/../../../arm-none-eabi/lib/armv7e-m/fpu/libc.a(lib_a-stdio.o)
 .debug_abbrev  0x0000000000003da6       0x70 /usr/lib/gcc/arm-none-eabi/4.9.3/../../../arm-none-eabi/lib/armv7e-m/fpu/libc.a(lib_a-strlen.o)
 .debug_abbrev  0x0000000000003e16      0x3c9 /usr/lib/gcc/arm-none-eabi/4.9.3/../../../arm-none-eabi/lib/armv7e-m/fpu/libc.a(lib_a-vfiprintf.o)
 .debug_abbrev  0x00000000000041df      0x1f4 /usr/lib/gcc/arm-none-eabi/4.9.3/../../../arm-none-eabi/lib/armv7e-m/fpu/libc.a(lib_a-writer.o)
 .debug_abbrev  0x00000000000043d3      0x213 /usr/lib/gcc/arm-none-eabi/4.9.3/../../../arm-none-eabi/lib/armv7e-m/fpu/libc.a(lib_a-callocr.o)
 .debug_abbrev  0x00000000000045e6      0x1ef /usr/lib/gcc/arm-none-eabi/4.9.3/../../../arm-none-eabi/lib/armv7e-m/fpu/libc.a(lib_a-closer.o)
 .debug_abbrev  0x00000000000047d5      0x2aa /usr/lib/gcc/arm-none-eabi/4.9.3/../../../arm-none-eabi/lib/armv7e-m/fpu/libc.a(lib_a-fclose.o)
 .debug_abbrev  0x0000000000004a7f      0x28e /usr/lib/gcc/arm-none-eabi/4.9.3/../../../arm-none-eabi/lib/armv7e-m/fpu/libc.a(lib_a-fputwc.o)
 .debug_abbrev  0x0000000000004d0d      0x1fe /usr/lib/gcc/arm-none-eabi/4.9.3/../../../arm-none-eabi/lib/armv7e-m/fpu/libc.a(lib_a-fstatr.o)
 .debug_abbrev  0x0000000000004f0b      0x24a /usr/lib/gcc/arm-none-eabi/4.9.3/../../../arm-none-eabi/lib/armv7e-m/fpu/libc.a(lib_a-fvwrite.o)
 .debug_abbrev  0x0000000000005155      0x1ef /usr/lib/gcc/arm-none-eabi/4.9.3/../../../arm-none-eabi/lib/armv7e-m/fpu/libc.a(lib_a-isattyr.o)
 .debug_abbrev  0x0000000000005344      0x1fe /usr/lib/gcc/arm-none-eabi/4.9.3/../../../arm-none-eabi/lib/armv7e-m/fpu/libc.a(lib_a-lseekr.o)
 .debug_abbrev  0x0000000000005542       0xab /usr/lib/gcc/arm-none-eabi/4.9.3/../../../arm-none-eabi/lib/armv7e-m/fpu/libc.a(lib_a-memmove.o)
 .debug_abbrev  0x00000000000055ed      0x1ef /usr/lib/gcc/arm-none-eabi/4.9.3/../../../arm-none-eabi/lib/armv7e-m/fpu/libc.a(lib_a-readr.o)
 .debug_abbrev  0x00000000000057dc      0x260 /usr/lib/gcc/arm-none-eabi/4.9.3/../../../arm-none-eabi/lib/armv7e-m/fpu/libc.a(lib_a-reallocr.o)
 .debug_abbrev  0x0000000000005a3c      0x25b /usr/lib/gcc/arm-none-eabi/4.9.3/../../../arm-none-eabi/lib/armv7e-m/fpu/libc.a(lib_a-wbuf.o)
 .debug_abbrev  0x0000000000005c97      0x222 /usr/lib/gcc/arm-none-eabi/4.9.3/../../../arm-none-eabi/lib/armv7e-m/fpu/libc.a(lib_a-wcrtomb.o)
 .debug_abbrev  0x0000000000005eb9      0x212 /usr/lib/gcc/arm-none-eabi/4.9.3/../../../arm-none-eabi/lib/armv7e-m/fpu/libc.a(lib_a-wctomb_r.o)
 .debug_abbrev  0x00000000000060cb       0x14 /usr/lib/gcc/arm-none-eabi/4.9.3/armv7e-m/fpu/libgcc.a(_arm_addsubdf3.o)
 .debug_abbrev  0x00000000000060df       0x14 /usr/lib/gcc/arm-none-eabi/4.9.3/armv7e-m/fpu/libgcc.a(_arm_muldivdf3.o)
 .debug_abbrev  0x00000000000060f3       0x14 /usr/lib/gcc/arm-none-eabi/4.9.3/armv7e-m/fpu/libgcc.a(_arm_cmpdf2.o)
 .debug_abbrev  0x0000000000006107       0x14 /usr/lib/gcc/arm-none-eabi/4.9.3/armv7e-m/fpu/libgcc.a(_arm_fixdfsi.o)
 .debug_abbrev  0x000000000000611b       0x14 /usr/lib/gcc/arm-none-eabi/4.9.3/armv7e-m/fpu/libgcc.a(_aeabi_uldivmod.o)
 .debug_abbrev  0x000000000000612f       0xb7 /usr/lib/gcc/arm-none-eabi/4.9.3/armv7e-m/fpu/libgcc.a(bpabi.o)
 .debug_abbrev  0x00000000000061e6       0x14 /usr/lib/gcc/arm-none-eabi/4.9.3/armv7e-m/fpu/libgcc.a(_dvmd_tls.o)
 .debug_abbrev  0x00000000000061fa      0x169 /usr/lib/gcc/arm-none-eabi/4.9.3/armv7e-m/fpu/libgcc.a(_divdi3.o)
 .debug_abbrev  0x0000000000006363      0x154 /usr/lib/gcc/arm-none-eabi/4.9.3/armv7e-m/fpu/libgcc.a(_udivdi3.o)

.debug_aranges  0x0000000000000000      0xd28
 .debug_aranges
                0x0000000000000000       0x88 lib/STM32F4xx_StdPeriph_Driver/src/stm32f4xx_gpio.o
 .debug_aranges
                0x0000000000000088      0x1c0 lib/STM32F4xx_StdPeriph_Driver/src/stm32f4xx_rcc.o
 .debug_aranges
                0x0000000000000248       0xe0 lib/STM32F4xx_StdPeriph_Driver/src/stm32f4xx_spi.o
 .debug_aranges
                0x0000000000000328       0x30 common/src/system_stm32f4xx.o
 .debug_aranges
                0x0000000000000358       0x28 common/src/startup_stm32f40_41xxx.o
 .debug_aranges
                0x0000000000000380       0xa0 src/st7920.o
 .debug_aranges
                0x0000000000000420       0x50 src/stubs.o
 .debug_aranges
                0x0000000000000470       0x38 src/gpio.o
 .debug_aranges
                0x00000000000004a8       0x38 src/main.o
 .debug_aranges
                0x00000000000004e0       0x38 src/spi.o
 .debug_aranges
                0x0000000000000518       0x18 /usr/lib/gcc/arm-none-eabi/4.9.3/../../../arm-none-eabi/lib/armv7e-m/fpu/libc.a(lib_a-impure.o)
 .debug_aranges
                0x0000000000000530       0x28 /usr/lib/gcc/arm-none-eabi/4.9.3/../../../arm-none-eabi/lib/armv7e-m/fpu/libc.a(lib_a-printf.o)
 .debug_aranges
                0x0000000000000558       0x28 /usr/lib/gcc/arm-none-eabi/4.9.3/../../../arm-none-eabi/lib/armv7e-m/fpu/libc.a(lib_a-reent.o)
 .debug_aranges
                0x0000000000000580       0x20 /usr/lib/gcc/arm-none-eabi/4.9.3/../../../arm-none-eabi/lib/armv7e-m/fpu/libc.a(lib_a-setvbuf.o)
 .debug_aranges
                0x00000000000005a0       0x30 /usr/lib/gcc/arm-none-eabi/4.9.3/../../../arm-none-eabi/lib/armv7e-m/fpu/libc.a(lib_a-vfprintf.o)
 .debug_aranges
                0x00000000000005d0       0x20 /usr/lib/gcc/arm-none-eabi/4.9.3/../../../arm-none-eabi/lib/armv7e-m/fpu/libc.a(lib_a-wsetup.o)
 .debug_aranges
                0x00000000000005f0       0x28 /usr/lib/gcc/arm-none-eabi/4.9.3/../../../arm-none-eabi/lib/armv7e-m/fpu/libc.a(lib_a-dtoa.o)
 .debug_aranges
                0x0000000000000618       0x30 /usr/lib/gcc/arm-none-eabi/4.9.3/../../../arm-none-eabi/lib/armv7e-m/fpu/libc.a(lib_a-fflush.o)
 .debug_aranges
                0x0000000000000648       0x88 /usr/lib/gcc/arm-none-eabi/4.9.3/../../../arm-none-eabi/lib/armv7e-m/fpu/libc.a(lib_a-findfp.o)
 .debug_aranges
                0x00000000000006d0       0x28 /usr/lib/gcc/arm-none-eabi/4.9.3/../../../arm-none-eabi/lib/armv7e-m/fpu/libc.a(lib_a-freer.o)
 .debug_aranges
                0x00000000000006f8       0x28 /usr/lib/gcc/arm-none-eabi/4.9.3/../../../arm-none-eabi/lib/armv7e-m/fpu/libc.a(lib_a-fwalk.o)
 .debug_aranges
                0x0000000000000720       0x58 /usr/lib/gcc/arm-none-eabi/4.9.3/../../../arm-none-eabi/lib/armv7e-m/fpu/libc.a(lib_a-locale.o)
 .debug_aranges
                0x0000000000000778       0x20 /usr/lib/gcc/arm-none-eabi/4.9.3/../../../arm-none-eabi/lib/armv7e-m/fpu/libc.a(lib_a-makebuf.o)
 .debug_aranges
                0x0000000000000798       0x28 /usr/lib/gcc/arm-none-eabi/4.9.3/../../../arm-none-eabi/lib/armv7e-m/fpu/libc.a(lib_a-malloc.o)
 .debug_aranges
                0x00000000000007c0       0x20 /usr/lib/gcc/arm-none-eabi/4.9.3/../../../arm-none-eabi/lib/armv7e-m/fpu/libc.a(lib_a-mallocr.o)
 .debug_aranges
                0x00000000000007e0       0x20 /usr/lib/gcc/arm-none-eabi/4.9.3/../../../arm-none-eabi/lib/armv7e-m/fpu/libc.a(lib_a-memchr.o)
 .debug_aranges
                0x0000000000000800       0x20 /usr/lib/gcc/arm-none-eabi/4.9.3/../../../arm-none-eabi/lib/armv7e-m/fpu/libc.a(lib_a-memcpy.o)
 .debug_aranges
                0x0000000000000820       0x20 /usr/lib/gcc/arm-none-eabi/4.9.3/../../../arm-none-eabi/lib/armv7e-m/fpu/libc.a(lib_a-memset.o)
 .debug_aranges
                0x0000000000000840       0x28 /usr/lib/gcc/arm-none-eabi/4.9.3/../../../arm-none-eabi/lib/armv7e-m/fpu/libc.a(lib_a-mlock.o)
 .debug_aranges
                0x0000000000000868       0xb0 /usr/lib/gcc/arm-none-eabi/4.9.3/../../../arm-none-eabi/lib/armv7e-m/fpu/libc.a(lib_a-mprec.o)
 .debug_aranges
                0x0000000000000918       0x20 /usr/lib/gcc/arm-none-eabi/4.9.3/../../../arm-none-eabi/lib/armv7e-m/fpu/libc.a(lib_a-s_fpclassify.o)
 .debug_aranges
                0x0000000000000938       0x20 /usr/lib/gcc/arm-none-eabi/4.9.3/../../../arm-none-eabi/lib/armv7e-m/fpu/libc.a(lib_a-sbrkr.o)
 .debug_aranges
                0x0000000000000958       0x40 /usr/lib/gcc/arm-none-eabi/4.9.3/../../../arm-none-eabi/lib/armv7e-m/fpu/libc.a(lib_a-stdio.o)
 .debug_aranges
                0x0000000000000998       0x20 /usr/lib/gcc/arm-none-eabi/4.9.3/../../../arm-none-eabi/lib/armv7e-m/fpu/libc.a(lib_a-strlen.o)
 .debug_aranges
                0x00000000000009b8       0x40 /usr/lib/gcc/arm-none-eabi/4.9.3/../../../arm-none-eabi/lib/armv7e-m/fpu/libc.a(lib_a-vfiprintf.o)
 .debug_aranges
                0x00000000000009f8       0x20 /usr/lib/gcc/arm-none-eabi/4.9.3/../../../arm-none-eabi/lib/armv7e-m/fpu/libc.a(lib_a-writer.o)
 .debug_aranges
                0x0000000000000a18       0x20 /usr/lib/gcc/arm-none-eabi/4.9.3/../../../arm-none-eabi/lib/armv7e-m/fpu/libc.a(lib_a-callocr.o)
 .debug_aranges
                0x0000000000000a38       0x20 /usr/lib/gcc/arm-none-eabi/4.9.3/../../../arm-none-eabi/lib/armv7e-m/fpu/libc.a(lib_a-closer.o)
 .debug_aranges
                0x0000000000000a58       0x28 /usr/lib/gcc/arm-none-eabi/4.9.3/../../../arm-none-eabi/lib/armv7e-m/fpu/libc.a(lib_a-fclose.o)
 .debug_aranges
                0x0000000000000a80       0x30 /usr/lib/gcc/arm-none-eabi/4.9.3/../../../arm-none-eabi/lib/armv7e-m/fpu/libc.a(lib_a-fputwc.o)
 .debug_aranges
                0x0000000000000ab0       0x20 /usr/lib/gcc/arm-none-eabi/4.9.3/../../../arm-none-eabi/lib/armv7e-m/fpu/libc.a(lib_a-fstatr.o)
 .debug_aranges
                0x0000000000000ad0       0x20 /usr/lib/gcc/arm-none-eabi/4.9.3/../../../arm-none-eabi/lib/armv7e-m/fpu/libc.a(lib_a-fvwrite.o)
 .debug_aranges
                0x0000000000000af0       0x20 /usr/lib/gcc/arm-none-eabi/4.9.3/../../../arm-none-eabi/lib/armv7e-m/fpu/libc.a(lib_a-isattyr.o)
 .debug_aranges
                0x0000000000000b10       0x20 /usr/lib/gcc/arm-none-eabi/4.9.3/../../../arm-none-eabi/lib/armv7e-m/fpu/libc.a(lib_a-lseekr.o)
 .debug_aranges
                0x0000000000000b30       0x20 /usr/lib/gcc/arm-none-eabi/4.9.3/../../../arm-none-eabi/lib/armv7e-m/fpu/libc.a(lib_a-memmove.o)
 .debug_aranges
                0x0000000000000b50       0x20 /usr/lib/gcc/arm-none-eabi/4.9.3/../../../arm-none-eabi/lib/armv7e-m/fpu/libc.a(lib_a-readr.o)
 .debug_aranges
                0x0000000000000b70       0x20 /usr/lib/gcc/arm-none-eabi/4.9.3/../../../arm-none-eabi/lib/armv7e-m/fpu/libc.a(lib_a-reallocr.o)
 .debug_aranges
                0x0000000000000b90       0x28 /usr/lib/gcc/arm-none-eabi/4.9.3/../../../arm-none-eabi/lib/armv7e-m/fpu/libc.a(lib_a-wbuf.o)
 .debug_aranges
                0x0000000000000bb8       0x28 /usr/lib/gcc/arm-none-eabi/4.9.3/../../../arm-none-eabi/lib/armv7e-m/fpu/libc.a(lib_a-wcrtomb.o)
 .debug_aranges
                0x0000000000000be0       0x28 /usr/lib/gcc/arm-none-eabi/4.9.3/../../../arm-none-eabi/lib/armv7e-m/fpu/libc.a(lib_a-wctomb_r.o)
 .debug_aranges
                0x0000000000000c08       0x20 /usr/lib/gcc/arm-none-eabi/4.9.3/armv7e-m/fpu/libgcc.a(_arm_addsubdf3.o)
 .debug_aranges
                0x0000000000000c28       0x20 /usr/lib/gcc/arm-none-eabi/4.9.3/armv7e-m/fpu/libgcc.a(_arm_muldivdf3.o)
 .debug_aranges
                0x0000000000000c48       0x20 /usr/lib/gcc/arm-none-eabi/4.9.3/armv7e-m/fpu/libgcc.a(_arm_cmpdf2.o)
 .debug_aranges
                0x0000000000000c68       0x20 /usr/lib/gcc/arm-none-eabi/4.9.3/armv7e-m/fpu/libgcc.a(_arm_fixdfsi.o)
 .debug_aranges
                0x0000000000000c88       0x20 /usr/lib/gcc/arm-none-eabi/4.9.3/armv7e-m/fpu/libgcc.a(_aeabi_uldivmod.o)
 .debug_aranges
                0x0000000000000ca8       0x20 /usr/lib/gcc/arm-none-eabi/4.9.3/armv7e-m/fpu/libgcc.a(bpabi.o)
 .debug_aranges
                0x0000000000000cc8       0x20 /usr/lib/gcc/arm-none-eabi/4.9.3/armv7e-m/fpu/libgcc.a(_dvmd_tls.o)
 .debug_aranges
                0x0000000000000ce8       0x20 /usr/lib/gcc/arm-none-eabi/4.9.3/armv7e-m/fpu/libgcc.a(_divdi3.o)
 .debug_aranges
                0x0000000000000d08       0x20 /usr/lib/gcc/arm-none-eabi/4.9.3/armv7e-m/fpu/libgcc.a(_udivdi3.o)

.debug_ranges   0x0000000000000000     0x1140
 .debug_ranges  0x0000000000000000       0x78 lib/STM32F4xx_StdPeriph_Driver/src/stm32f4xx_gpio.o
 .debug_ranges  0x0000000000000078      0x1b0 lib/STM32F4xx_StdPeriph_Driver/src/stm32f4xx_rcc.o
 .debug_ranges  0x0000000000000228       0xd0 lib/STM32F4xx_StdPeriph_Driver/src/stm32f4xx_spi.o
 .debug_ranges  0x00000000000002f8       0x20 common/src/system_stm32f4xx.o
 .debug_ranges  0x0000000000000318       0x20 common/src/startup_stm32f40_41xxx.o
 .debug_ranges  0x0000000000000338       0x90 src/st7920.o
 .debug_ranges  0x00000000000003c8       0x40 src/stubs.o
 .debug_ranges  0x0000000000000408       0x28 src/gpio.o
 .debug_ranges  0x0000000000000430       0x28 src/main.o
 .debug_ranges  0x0000000000000458       0x28 src/spi.o
 .debug_ranges  0x0000000000000480       0x18 /usr/lib/gcc/arm-none-eabi/4.9.3/../../../arm-none-eabi/lib/armv7e-m/fpu/libc.a(lib_a-printf.o)
 .debug_ranges  0x0000000000000498       0x18 /usr/lib/gcc/arm-none-eabi/4.9.3/../../../arm-none-eabi/lib/armv7e-m/fpu/libc.a(lib_a-reent.o)
 .debug_ranges  0x00000000000004b0       0x28 /usr/lib/gcc/arm-none-eabi/4.9.3/../../../arm-none-eabi/lib/armv7e-m/fpu/libc.a(lib_a-setvbuf.o)
 .debug_ranges  0x00000000000004d8      0x158 /usr/lib/gcc/arm-none-eabi/4.9.3/../../../arm-none-eabi/lib/armv7e-m/fpu/libc.a(lib_a-vfprintf.o)
 .debug_ranges  0x0000000000000630       0x30 /usr/lib/gcc/arm-none-eabi/4.9.3/../../../arm-none-eabi/lib/armv7e-m/fpu/libc.a(lib_a-wsetup.o)
 .debug_ranges  0x0000000000000660       0x18 /usr/lib/gcc/arm-none-eabi/4.9.3/../../../arm-none-eabi/lib/armv7e-m/fpu/libc.a(lib_a-dtoa.o)
 .debug_ranges  0x0000000000000678       0x80 /usr/lib/gcc/arm-none-eabi/4.9.3/../../../arm-none-eabi/lib/armv7e-m/fpu/libc.a(lib_a-fflush.o)
 .debug_ranges  0x00000000000006f8       0xe8 /usr/lib/gcc/arm-none-eabi/4.9.3/../../../arm-none-eabi/lib/armv7e-m/fpu/libc.a(lib_a-findfp.o)
 .debug_ranges  0x00000000000007e0       0x18 /usr/lib/gcc/arm-none-eabi/4.9.3/../../../arm-none-eabi/lib/armv7e-m/fpu/libc.a(lib_a-freer.o)
 .debug_ranges  0x00000000000007f8       0x18 /usr/lib/gcc/arm-none-eabi/4.9.3/../../../arm-none-eabi/lib/armv7e-m/fpu/libc.a(lib_a-fwalk.o)
 .debug_ranges  0x0000000000000810       0x48 /usr/lib/gcc/arm-none-eabi/4.9.3/../../../arm-none-eabi/lib/armv7e-m/fpu/libc.a(lib_a-locale.o)
 .debug_ranges  0x0000000000000858       0x10 /usr/lib/gcc/arm-none-eabi/4.9.3/../../../arm-none-eabi/lib/armv7e-m/fpu/libc.a(lib_a-makebuf.o)
 .debug_ranges  0x0000000000000868       0x18 /usr/lib/gcc/arm-none-eabi/4.9.3/../../../arm-none-eabi/lib/armv7e-m/fpu/libc.a(lib_a-malloc.o)
 .debug_ranges  0x0000000000000880       0x50 /usr/lib/gcc/arm-none-eabi/4.9.3/../../../arm-none-eabi/lib/armv7e-m/fpu/libc.a(lib_a-mallocr.o)
 .debug_ranges  0x00000000000008d0       0x10 /usr/lib/gcc/arm-none-eabi/4.9.3/../../../arm-none-eabi/lib/armv7e-m/fpu/libc.a(lib_a-memchr.o)
 .debug_ranges  0x00000000000008e0       0x10 /usr/lib/gcc/arm-none-eabi/4.9.3/../../../arm-none-eabi/lib/armv7e-m/fpu/libc.a(lib_a-memset.o)
 .debug_ranges  0x00000000000008f0       0x18 /usr/lib/gcc/arm-none-eabi/4.9.3/../../../arm-none-eabi/lib/armv7e-m/fpu/libc.a(lib_a-mlock.o)
 .debug_ranges  0x0000000000000908      0x108 /usr/lib/gcc/arm-none-eabi/4.9.3/../../../arm-none-eabi/lib/armv7e-m/fpu/libc.a(lib_a-mprec.o)
 .debug_ranges  0x0000000000000a10       0x10 /usr/lib/gcc/arm-none-eabi/4.9.3/../../../arm-none-eabi/lib/armv7e-m/fpu/libc.a(lib_a-s_fpclassify.o)
 .debug_ranges  0x0000000000000a20       0x10 /usr/lib/gcc/arm-none-eabi/4.9.3/../../../arm-none-eabi/lib/armv7e-m/fpu/libc.a(lib_a-sbrkr.o)
 .debug_ranges  0x0000000000000a30       0x30 /usr/lib/gcc/arm-none-eabi/4.9.3/../../../arm-none-eabi/lib/armv7e-m/fpu/libc.a(lib_a-stdio.o)
 .debug_ranges  0x0000000000000a60       0x10 /usr/lib/gcc/arm-none-eabi/4.9.3/../../../arm-none-eabi/lib/armv7e-m/fpu/libc.a(lib_a-strlen.o)
 .debug_ranges  0x0000000000000a70      0x1f0 /usr/lib/gcc/arm-none-eabi/4.9.3/../../../arm-none-eabi/lib/armv7e-m/fpu/libc.a(lib_a-vfiprintf.o)
 .debug_ranges  0x0000000000000c60       0x10 /usr/lib/gcc/arm-none-eabi/4.9.3/../../../arm-none-eabi/lib/armv7e-m/fpu/libc.a(lib_a-writer.o)
 .debug_ranges  0x0000000000000c70       0x50 /usr/lib/gcc/arm-none-eabi/4.9.3/../../../arm-none-eabi/lib/armv7e-m/fpu/libc.a(lib_a-callocr.o)
 .debug_ranges  0x0000000000000cc0       0x10 /usr/lib/gcc/arm-none-eabi/4.9.3/../../../arm-none-eabi/lib/armv7e-m/fpu/libc.a(lib_a-closer.o)
 .debug_ranges  0x0000000000000cd0       0x48 /usr/lib/gcc/arm-none-eabi/4.9.3/../../../arm-none-eabi/lib/armv7e-m/fpu/libc.a(lib_a-fclose.o)
 .debug_ranges  0x0000000000000d18       0x20 /usr/lib/gcc/arm-none-eabi/4.9.3/../../../arm-none-eabi/lib/armv7e-m/fpu/libc.a(lib_a-fputwc.o)
 .debug_ranges  0x0000000000000d38       0x10 /usr/lib/gcc/arm-none-eabi/4.9.3/../../../arm-none-eabi/lib/armv7e-m/fpu/libc.a(lib_a-fstatr.o)
 .debug_ranges  0x0000000000000d48       0x30 /usr/lib/gcc/arm-none-eabi/4.9.3/../../../arm-none-eabi/lib/armv7e-m/fpu/libc.a(lib_a-fvwrite.o)
 .debug_ranges  0x0000000000000d78       0x10 /usr/lib/gcc/arm-none-eabi/4.9.3/../../../arm-none-eabi/lib/armv7e-m/fpu/libc.a(lib_a-isattyr.o)
 .debug_ranges  0x0000000000000d88       0x10 /usr/lib/gcc/arm-none-eabi/4.9.3/../../../arm-none-eabi/lib/armv7e-m/fpu/libc.a(lib_a-lseekr.o)
 .debug_ranges  0x0000000000000d98       0x10 /usr/lib/gcc/arm-none-eabi/4.9.3/../../../arm-none-eabi/lib/armv7e-m/fpu/libc.a(lib_a-memmove.o)
 .debug_ranges  0x0000000000000da8       0x10 /usr/lib/gcc/arm-none-eabi/4.9.3/../../../arm-none-eabi/lib/armv7e-m/fpu/libc.a(lib_a-readr.o)
 .debug_ranges  0x0000000000000db8      0x180 /usr/lib/gcc/arm-none-eabi/4.9.3/../../../arm-none-eabi/lib/armv7e-m/fpu/libc.a(lib_a-reallocr.o)
 .debug_ranges  0x0000000000000f38       0x30 /usr/lib/gcc/arm-none-eabi/4.9.3/../../../arm-none-eabi/lib/armv7e-m/fpu/libc.a(lib_a-wbuf.o)
 .debug_ranges  0x0000000000000f68       0x18 /usr/lib/gcc/arm-none-eabi/4.9.3/../../../arm-none-eabi/lib/armv7e-m/fpu/libc.a(lib_a-wcrtomb.o)
 .debug_ranges  0x0000000000000f80       0x18 /usr/lib/gcc/arm-none-eabi/4.9.3/../../../arm-none-eabi/lib/armv7e-m/fpu/libc.a(lib_a-wctomb_r.o)
 .debug_ranges  0x0000000000000f98       0xd0 /usr/lib/gcc/arm-none-eabi/4.9.3/armv7e-m/fpu/libgcc.a(_divdi3.o)
 .debug_ranges  0x0000000000001068       0xd8 /usr/lib/gcc/arm-none-eabi/4.9.3/armv7e-m/fpu/libgcc.a(_udivdi3.o)

.debug_macro    0x0000000000000000     0x344f
 .debug_macro   0x0000000000000000      0x1b1 lib/STM32F4xx_StdPeriph_Driver/src/stm32f4xx_gpio.o
 .debug_macro   0x00000000000001b1      0x2e7 lib/STM32F4xx_StdPeriph_Driver/src/stm32f4xx_gpio.o
 .debug_macro   0x0000000000000498      0x27b lib/STM32F4xx_StdPeriph_Driver/src/stm32f4xx_rcc.o
 .debug_macro   0x0000000000000713      0x64a lib/STM32F4xx_StdPeriph_Driver/src/stm32f4xx_rcc.o
 .debug_macro   0x0000000000000d5d      0x1dc lib/STM32F4xx_StdPeriph_Driver/src/stm32f4xx_spi.o
 .debug_macro   0x0000000000000f39      0x366 lib/STM32F4xx_StdPeriph_Driver/src/stm32f4xx_spi.o
 .debug_macro   0x000000000000129f      0x1cb common/src/system_stm32f4xx.o
 .debug_macro   0x000000000000146a      0x170 src/st7920.o
 .debug_macro   0x00000000000015da       0x58 src/st7920.o
 .debug_macro   0x0000000000001632       0x35 src/st7920.o
 .debug_macro   0x0000000000001667       0x9c src/st7920.o
 .debug_macro   0x0000000000001703      0x166 src/st7920.o
 .debug_macro   0x0000000000001869       0x4a src/st7920.o
 .debug_macro   0x00000000000018b3       0x52 src/st7920.o
 .debug_macro   0x0000000000001905       0x16 src/st7920.o
 .debug_macro   0x000000000000191b       0x43 src/st7920.o
 .debug_macro   0x000000000000195e      0x180 src/st7920.o
 .debug_macro   0x0000000000001ade      0x29d src/st7920.o
 .debug_macro   0x0000000000001d7b       0x10 src/st7920.o
 .debug_macro   0x0000000000001d8b       0x35 src/st7920.o
 .debug_macro   0x0000000000001dc0      0x10c src/st7920.o
 .debug_macro   0x0000000000001ecc       0x1c src/st7920.o
 .debug_macro   0x0000000000001ee8       0x10 src/st7920.o
 .debug_macro   0x0000000000001ef8       0x10 src/st7920.o
 .debug_macro   0x0000000000001f08       0x22 src/st7920.o
 .debug_macro   0x0000000000001f2a       0xbe src/st7920.o
 .debug_macro   0x0000000000001fe8       0x16 src/st7920.o
 .debug_macro   0x0000000000001ffe      0x197 src/st7920.o
 .debug_macro   0x0000000000002195      0x1be src/stubs.o
 .debug_macro   0x0000000000002353       0x16 src/stubs.o
 .debug_macro   0x0000000000002369       0x97 src/stubs.o
 .debug_macro   0x0000000000002400       0xef src/stubs.o
 .debug_macro   0x00000000000024ef       0x10 src/stubs.o
 .debug_macro   0x00000000000024ff      0x241 src/stubs.o
 .debug_macro   0x0000000000002740       0x16 src/stubs.o
 .debug_macro   0x0000000000002756       0x10 src/stubs.o
 .debug_macro   0x0000000000002766       0x10 src/stubs.o
 .debug_macro   0x0000000000002776       0x10 src/stubs.o
 .debug_macro   0x0000000000002786       0x35 src/stubs.o
 .debug_macro   0x00000000000027bb      0x122 src/stubs.o
 .debug_macro   0x00000000000028dd       0x16 src/stubs.o
 .debug_macro   0x00000000000028f3      0x4f7 src/stubs.o
 .debug_macro   0x0000000000002dea      0x1c7 src/gpio.o
 .debug_macro   0x0000000000002fb1      0x29b src/main.o
 .debug_macro   0x000000000000324c      0x203 src/spi.o

.debug_line     0x0000000000000000     0x8f62
 .debug_line    0x0000000000000000      0x52c lib/STM32F4xx_StdPeriph_Driver/src/stm32f4xx_gpio.o
 .debug_line    0x000000000000052c      0x842 lib/STM32F4xx_StdPeriph_Driver/src/stm32f4xx_rcc.o
 .debug_line    0x0000000000000d6e      0x641 lib/STM32F4xx_StdPeriph_Driver/src/stm32f4xx_spi.o
 .debug_line    0x00000000000013af      0x44e common/src/system_stm32f4xx.o
 .debug_line    0x00000000000017fd       0x7f common/src/startup_stm32f40_41xxx.o
 .debug_line    0x000000000000187c      0x4ab src/st7920.o
 .debug_line    0x0000000000001d27      0x2a4 src/stubs.o
 .debug_line    0x0000000000001fcb      0x3fe src/gpio.o
 .debug_line    0x00000000000023c9      0x4e3 src/main.o
 .debug_line    0x00000000000028ac      0x42d src/spi.o
 .debug_line    0x0000000000002cd9       0xf4 /usr/lib/gcc/arm-none-eabi/4.9.3/../../../arm-none-eabi/lib/armv7e-m/fpu/libc.a(lib_a-impure.o)
 .debug_line    0x0000000000002dcd      0x192 /usr/lib/gcc/arm-none-eabi/4.9.3/../../../arm-none-eabi/lib/armv7e-m/fpu/libc.a(lib_a-printf.o)
 .debug_line    0x0000000000002f5f      0x19d /usr/lib/gcc/arm-none-eabi/4.9.3/../../../arm-none-eabi/lib/armv7e-m/fpu/libc.a(lib_a-reent.o)
 .debug_line    0x00000000000030fc      0x1d5 /usr/lib/gcc/arm-none-eabi/4.9.3/../../../arm-none-eabi/lib/armv7e-m/fpu/libc.a(lib_a-setvbuf.o)
 .debug_line    0x00000000000032d1      0x997 /usr/lib/gcc/arm-none-eabi/4.9.3/../../../arm-none-eabi/lib/armv7e-m/fpu/libc.a(lib_a-vfprintf.o)
 .debug_line    0x0000000000003c68      0x1c0 /usr/lib/gcc/arm-none-eabi/4.9.3/../../../arm-none-eabi/lib/armv7e-m/fpu/libc.a(lib_a-wsetup.o)
 .debug_line    0x0000000000003e28      0x6c7 /usr/lib/gcc/arm-none-eabi/4.9.3/../../../arm-none-eabi/lib/armv7e-m/fpu/libc.a(lib_a-dtoa.o)
 .debug_line    0x00000000000044ef      0x25b /usr/lib/gcc/arm-none-eabi/4.9.3/../../../arm-none-eabi/lib/armv7e-m/fpu/libc.a(lib_a-fflush.o)
 .debug_line    0x000000000000474a      0x31f /usr/lib/gcc/arm-none-eabi/4.9.3/../../../arm-none-eabi/lib/armv7e-m/fpu/libc.a(lib_a-findfp.o)
 .debug_line    0x0000000000004a69      0x271 /usr/lib/gcc/arm-none-eabi/4.9.3/../../../arm-none-eabi/lib/armv7e-m/fpu/libc.a(lib_a-freer.o)
 .debug_line    0x0000000000004cda      0x1ba /usr/lib/gcc/arm-none-eabi/4.9.3/../../../arm-none-eabi/lib/armv7e-m/fpu/libc.a(lib_a-fwalk.o)
 .debug_line    0x0000000000004e94      0x206 /usr/lib/gcc/arm-none-eabi/4.9.3/../../../arm-none-eabi/lib/armv7e-m/fpu/libc.a(lib_a-locale.o)
 .debug_line    0x000000000000509a      0x1e3 /usr/lib/gcc/arm-none-eabi/4.9.3/../../../arm-none-eabi/lib/armv7e-m/fpu/libc.a(lib_a-makebuf.o)
 .debug_line    0x000000000000527d      0x171 /usr/lib/gcc/arm-none-eabi/4.9.3/../../../arm-none-eabi/lib/armv7e-m/fpu/libc.a(lib_a-malloc.o)
 .debug_line    0x00000000000053ee      0x38e /usr/lib/gcc/arm-none-eabi/4.9.3/../../../arm-none-eabi/lib/armv7e-m/fpu/libc.a(lib_a-mallocr.o)
 .debug_line    0x000000000000577c      0x120 /usr/lib/gcc/arm-none-eabi/4.9.3/../../../arm-none-eabi/lib/armv7e-m/fpu/libc.a(lib_a-memchr.o)
 .debug_line    0x000000000000589c       0xbb /usr/lib/gcc/arm-none-eabi/4.9.3/../../../arm-none-eabi/lib/armv7e-m/fpu/libc.a(lib_a-memcpy.o)
 .debug_line    0x0000000000005957      0x11c /usr/lib/gcc/arm-none-eabi/4.9.3/../../../arm-none-eabi/lib/armv7e-m/fpu/libc.a(lib_a-memset.o)
 .debug_line    0x0000000000005a73      0x112 /usr/lib/gcc/arm-none-eabi/4.9.3/../../../arm-none-eabi/lib/armv7e-m/fpu/libc.a(lib_a-mlock.o)
 .debug_line    0x0000000000005b85      0x6cd /usr/lib/gcc/arm-none-eabi/4.9.3/../../../arm-none-eabi/lib/armv7e-m/fpu/libc.a(lib_a-mprec.o)
 .debug_line    0x0000000000006252      0x14c /usr/lib/gcc/arm-none-eabi/4.9.3/../../../arm-none-eabi/lib/armv7e-m/fpu/libc.a(lib_a-s_fpclassify.o)
 .debug_line    0x000000000000639e      0x164 /usr/lib/gcc/arm-none-eabi/4.9.3/../../../arm-none-eabi/lib/armv7e-m/fpu/libc.a(lib_a-sbrkr.o)
 .debug_line    0x0000000000006502      0x1d6 /usr/lib/gcc/arm-none-eabi/4.9.3/../../../arm-none-eabi/lib/armv7e-m/fpu/libc.a(lib_a-stdio.o)
 .debug_line    0x00000000000066d8       0xf5 /usr/lib/gcc/arm-none-eabi/4.9.3/../../../arm-none-eabi/lib/armv7e-m/fpu/libc.a(lib_a-strlen.o)
 .debug_line    0x00000000000067cd      0x751 /usr/lib/gcc/arm-none-eabi/4.9.3/../../../arm-none-eabi/lib/armv7e-m/fpu/libc.a(lib_a-vfiprintf.o)
 .debug_line    0x0000000000006f1e      0x166 /usr/lib/gcc/arm-none-eabi/4.9.3/../../../arm-none-eabi/lib/armv7e-m/fpu/libc.a(lib_a-writer.o)
 .debug_line    0x0000000000007084      0x134 /usr/lib/gcc/arm-none-eabi/4.9.3/../../../arm-none-eabi/lib/armv7e-m/fpu/libc.a(lib_a-callocr.o)
 .debug_line    0x00000000000071b8      0x165 /usr/lib/gcc/arm-none-eabi/4.9.3/../../../arm-none-eabi/lib/armv7e-m/fpu/libc.a(lib_a-closer.o)
 .debug_line    0x000000000000731d      0x1b3 /usr/lib/gcc/arm-none-eabi/4.9.3/../../../arm-none-eabi/lib/armv7e-m/fpu/libc.a(lib_a-fclose.o)
 .debug_line    0x00000000000074d0      0x203 /usr/lib/gcc/arm-none-eabi/4.9.3/../../../arm-none-eabi/lib/armv7e-m/fpu/libc.a(lib_a-fputwc.o)
 .debug_line    0x00000000000076d3      0x17a /usr/lib/gcc/arm-none-eabi/4.9.3/../../../arm-none-eabi/lib/armv7e-m/fpu/libc.a(lib_a-fstatr.o)
 .debug_line    0x000000000000784d      0x2eb /usr/lib/gcc/arm-none-eabi/4.9.3/../../../arm-none-eabi/lib/armv7e-m/fpu/libc.a(lib_a-fvwrite.o)
 .debug_line    0x0000000000007b38      0x166 /usr/lib/gcc/arm-none-eabi/4.9.3/../../../arm-none-eabi/lib/armv7e-m/fpu/libc.a(lib_a-isattyr.o)
 .debug_line    0x0000000000007c9e      0x166 /usr/lib/gcc/arm-none-eabi/4.9.3/../../../arm-none-eabi/lib/armv7e-m/fpu/libc.a(lib_a-lseekr.o)
 .debug_line    0x0000000000007e04      0x122 /usr/lib/gcc/arm-none-eabi/4.9.3/../../../arm-none-eabi/lib/armv7e-m/fpu/libc.a(lib_a-memmove.o)
 .debug_line    0x0000000000007f26      0x165 /usr/lib/gcc/arm-none-eabi/4.9.3/../../../arm-none-eabi/lib/armv7e-m/fpu/libc.a(lib_a-readr.o)
 .debug_line    0x000000000000808b      0x29d /usr/lib/gcc/arm-none-eabi/4.9.3/../../../arm-none-eabi/lib/armv7e-m/fpu/libc.a(lib_a-reallocr.o)
 .debug_line    0x0000000000008328      0x1e8 /usr/lib/gcc/arm-none-eabi/4.9.3/../../../arm-none-eabi/lib/armv7e-m/fpu/libc.a(lib_a-wbuf.o)
 .debug_line    0x0000000000008510      0x193 /usr/lib/gcc/arm-none-eabi/4.9.3/../../../arm-none-eabi/lib/armv7e-m/fpu/libc.a(lib_a-wcrtomb.o)
 .debug_line    0x00000000000086a3      0x194 /usr/lib/gcc/arm-none-eabi/4.9.3/../../../arm-none-eabi/lib/armv7e-m/fpu/libc.a(lib_a-wctomb_r.o)
 .debug_line    0x0000000000008837      0x179 /usr/lib/gcc/arm-none-eabi/4.9.3/armv7e-m/fpu/libgcc.a(_arm_addsubdf3.o)
 .debug_line    0x00000000000089b0      0x19d /usr/lib/gcc/arm-none-eabi/4.9.3/armv7e-m/fpu/libgcc.a(_arm_muldivdf3.o)
 .debug_line    0x0000000000008b4d       0xba /usr/lib/gcc/arm-none-eabi/4.9.3/armv7e-m/fpu/libgcc.a(_arm_cmpdf2.o)
 .debug_line    0x0000000000008c07       0x7a /usr/lib/gcc/arm-none-eabi/4.9.3/armv7e-m/fpu/libgcc.a(_arm_fixdfsi.o)
 .debug_line    0x0000000000008c81       0x65 /usr/lib/gcc/arm-none-eabi/4.9.3/armv7e-m/fpu/libgcc.a(_aeabi_uldivmod.o)
 .debug_line    0x0000000000008ce6       0x65 /usr/lib/gcc/arm-none-eabi/4.9.3/armv7e-m/fpu/libgcc.a(bpabi.o)
 .debug_line    0x0000000000008d4b       0x61 /usr/lib/gcc/arm-none-eabi/4.9.3/armv7e-m/fpu/libgcc.a(_dvmd_tls.o)
 .debug_line    0x0000000000008dac       0xe2 /usr/lib/gcc/arm-none-eabi/4.9.3/armv7e-m/fpu/libgcc.a(_divdi3.o)
 .debug_line    0x0000000000008e8e       0xd4 /usr/lib/gcc/arm-none-eabi/4.9.3/armv7e-m/fpu/libgcc.a(_udivdi3.o)

.debug_str      0x0000000000000000    0x672a7
 .debug_str     0x0000000000000000    0x5eb35 lib/STM32F4xx_StdPeriph_Driver/src/stm32f4xx_gpio.o
                                      0x5ed34 (size before relaxing)
 .debug_str     0x000000000005eb35      0xdbe lib/STM32F4xx_StdPeriph_Driver/src/stm32f4xx_rcc.o
                                      0x5f81d (size before relaxing)
 .debug_str     0x000000000005f8f3      0x3e1 lib/STM32F4xx_StdPeriph_Driver/src/stm32f4xx_spi.o
                                      0x5f01d (size before relaxing)
 .debug_str     0x000000000005fcd4      0x12f common/src/system_stm32f4xx.o
                                      0x5ec90 (size before relaxing)
 .debug_str     0x000000000005fe03     0x34d0 src/st7920.o