
Allocating common symbols
Common symbol       size              file

delay               0x4               src/lcd.o

Discarded input sections

 .group         0x0000000000000000        0x8 lib/STM32F4xx_StdPeriph_Driver/src/stm32f4xx_flash.o
 .group         0x0000000000000000        0x8 lib/STM32F4xx_StdPeriph_Driver/src/stm32f4xx_flash.o
 .group         0x0000000000000000        0x8 lib/STM32F4xx_StdPeriph_Driver/src/stm32f4xx_flash.o
 .group         0x0000000000000000        0x8 lib/STM32F4xx_StdPeriph_Driver/src/stm32f4xx_flash.o
 .group         0x0000000000000000        0x8 lib/STM32F4xx_StdPeriph_Driver/src/stm32f4xx_flash.o
 .group         0x0000000000000000        0x8 lib/STM32F4xx_StdPeriph_Driver/src/stm32f4xx_flash.o
 .group         0x0000000000000000        0x8 lib/STM32F4xx_StdPeriph_Driver/src/stm32f4xx_flash.o
 .group         0x0000000000000000        0x8 lib/STM32F4xx_StdPeriph_Driver/src/stm32f4xx_flash.o
 .group         0x0000000000000000        0x8 lib/STM32F4xx_StdPeriph_Driver/src/stm32f4xx_flash.o
 .group         0x0000000000000000        0x8 lib/STM32F4xx_StdPeriph_Driver/src/stm32f4xx_flash.o
 .group         0x0000000000000000        0x8 lib/STM32F4xx_StdPeriph_Driver/src/stm32f4xx_flash.o
 .group         0x0000000000000000        0x8 lib/STM32F4xx_StdPeriph_Driver/src/stm32f4xx_flash.o
 .group         0x0000000000000000        0x8 lib/STM32F4xx_StdPeriph_Driver/src/stm32f4xx_flash.o
 .group         0x0000000000000000        0x8 lib/STM32F4xx_StdPeriph_Driver/src/stm32f4xx_flash.o
 .group         0x0000000000000000        0x8 lib/STM32F4xx_StdPeriph_Driver/src/stm32f4xx_flash.o
 .group         0x0000000000000000        0x8 lib/STM32F4xx_StdPeriph_Driver/src/stm32f4xx_flash.o
 .group         0x0000000000000000        0x8 lib/STM32F4xx_StdPeriph_Driver/src/stm32f4xx_flash.o
 .group         0x0000000000000000        0x8 lib/STM32F4xx_StdPeriph_Driver/src/stm32f4xx_flash.o
 .group         0x0000000000000000        0x8 lib/STM32F4xx_StdPeriph_Driver/src/stm32f4xx_flash.o
 .group         0x0000000000000000        0x8 lib/STM32F4xx_StdPeriph_Driver/src/stm32f4xx_flash.o
 .group         0x0000000000000000        0x8 lib/STM32F4xx_StdPeriph_Driver/src/stm32f4xx_flash.o
 .group         0x0000000000000000        0x8 lib/STM32F4xx_StdPeriph_Driver/src/stm32f4xx_flash.o
 .group         0x0000000000000000        0x8 lib/STM32F4xx_StdPeriph_Driver/src/stm32f4xx_flash.o
 .group         0x0000000000000000        0x8 lib/STM32F4xx_StdPeriph_Driver/src/stm32f4xx_flash.o
 .group         0x0000000000000000        0x8 lib/STM32F4xx_StdPeriph_Driver/src/stm32f4xx_flash.o
 .group         0x0000000000000000        0x8 lib/STM32F4xx_StdPeriph_Driver/src/stm32f4xx_flash.o
 .group         0x0000000000000000        0x8 lib/STM32F4xx_StdPeriph_Driver/src/stm32f4xx_flash.o
 .group         0x0000000000000000        0x8 lib/STM32F4xx_StdPeriph_Driver/src/stm32f4xx_flash.o
 .group         0x0000000000000000        0x8 lib/STM32F4xx_StdPeriph_Driver/src/stm32f4xx_flash.o
 .group         0x0000000000000000        0x8 lib/STM32F4xx_StdPeriph_Driver/src/stm32f4xx_flash.o
 .group         0x0000000000000000        0x8 lib/STM32F4xx_StdPeriph_Driver/src/stm32f4xx_flash.o
 .group         0x0000000000000000        0x8 lib/STM32F4xx_StdPeriph_Driver/src/stm32f4xx_flash.o
 .group         0x0000000000000000        0x8 lib/STM32F4xx_StdPeriph_Driver/src/stm32f4xx_flash.o
 .group         0x0000000000000000        0x8 lib/STM32F4xx_StdPeriph_Driver/src/stm32f4xx_flash.o
 .group         0x0000000000000000        0x8 lib/STM32F4xx_StdPeriph_Driver/src/stm32f4xx_flash.o
 .group         0x0000000000000000        0x8 lib/STM32F4xx_StdPeriph_Driver/src/stm32f4xx_flash.o
 .group         0x0000000000000000        0x8 lib/STM32F4xx_StdPeriph_Driver/src/stm32f4xx_flash.o
 .group         0x0000000000000000        0x8 lib/STM32F4xx_StdPeriph_Driver/src/stm32f4xx_flash.o
 .text          0x0000000000000000        0x0 lib/STM32F4xx_StdPeriph_Driver/src/stm32f4xx_flash.o
 .data          0x0000000000000000        0x0 lib/STM32F4xx_StdPeriph_Driver/src/stm32f4xx_flash.o
 .bss           0x0000000000000000        0x0 lib/STM32F4xx_StdPeriph_Driver/src/stm32f4xx_flash.o
 .data.startAddress
                0x0000000000000000        0x4 lib/STM32F4xx_StdPeriph_Driver/src/stm32f4xx_flash.o
 .bss.read_data
                0x0000000000000000        0x4 lib/STM32F4xx_StdPeriph_Driver/src/stm32f4xx_flash.o
 .text.FLASH_SetLatency
                0x0000000000000000       0x20 lib/STM32F4xx_StdPeriph_Driver/src/stm32f4xx_flash.o
 .text.FLASH_PrefetchBufferCmd
                0x0000000000000000       0x38 lib/STM32F4xx_StdPeriph_Driver/src/stm32f4xx_flash.o
 .text.FLASH_InstructionCacheCmd
                0x0000000000000000       0x38 lib/STM32F4xx_StdPeriph_Driver/src/stm32f4xx_flash.o
 .text.FLASH_DataCacheCmd
                0x0000000000000000       0x38 lib/STM32F4xx_StdPeriph_Driver/src/stm32f4xx_flash.o
 .text.FLASH_InstructionCacheReset
[...]
Memory Configuration

Name             Origin             Length             Attributes
FLASH            0x0000000008000000 0x0000000000100000 xr
RAM              0x0000000020000000 0x0000000000020000 xrw
CCMRAM           0x0000000010000000 0x0000000000010000 rw
*default*        0x0000000000000000 0xffffffffffffffff

Linker script and memory map

LOAD lib/STM32F4xx_StdPeriph_Driver/src/stm32f4xx_flash.o
LOAD lib/STM32F4xx_StdPeriph_Driver/src/stm32f4xx_cryp_des.o
LOAD lib/STM32F4xx_StdPeriph_Driver/src/stm32f4xx_adc.o
LOAD lib/STM32F4xx_StdPeriph_Driver/src/stm32f4xx_i2c.o
LOAD lib/STM32F4xx_StdPeriph_Driver/src/stm32f4xx_usart.o
LOAD lib/STM32F4xx_StdPeriph_Driver/src/stm32f4xx_rtc.o
LOAD lib/STM32F4xx_StdPeriph_Driver/src/stm32f4xx_pwr.o
LOAD lib/STM32F4xx_StdPeriph_Driver/src/stm32f4xx_sdio.o
LOAD lib/STM32F4xx_StdPeriph_Driver/src/stm32f4xx_gpio.o
LOAD lib/STM32F4xx_StdPeriph_Driver/src/stm32f4xx_dma2d.o
LOAD lib/STM32F4xx_StdPeriph_Driver/src/stm32f4xx_rng.o
LOAD lib/STM32F4xx_StdPeriph_Driver/src/stm32f4xx_cryp_tdes.o
LOAD lib/STM32F4xx_StdPeriph_Driver/src/stm32f4xx_dac.o
LOAD lib/STM32F4xx_StdPeriph_Driver/src/stm32f4xx_fsmc.o
LOAD lib/STM32F4xx_StdPeriph_Driver/src/stm32f4xx_exti.o
LOAD lib/STM32F4xx_StdPeriph_Driver/src/stm32f4xx_syscfg.o
LOAD lib/STM32F4xx_StdPeriph_Driver/src/stm32f4xx_cryp_aes.o
LOAD lib/STM32F4xx_StdPeriph_Driver/src/stm32f4xx_fmpi2c.o
LOAD lib/STM32F4xx_StdPeriph_Driver/src/stm32f4xx_can.o
LOAD lib/STM32F4xx_StdPeriph_Driver/src/stm32f4xx_wwdg.o
LOAD lib/STM32F4xx_StdPeriph_Driver/src/stm32f4xx_qspi.o
LOAD lib/STM32F4xx_StdPeriph_Driver/src/stm32f4xx_cryp.o
LOAD lib/STM32F4xx_StdPeriph_Driver/src/stm32f4xx_dcmi.o
LOAD lib/STM32F4xx_StdPeriph_Driver/src/misc.o
LOAD lib/STM32F4xx_StdPeriph_Driver/src/stm32f4xx_flash_ramfunc.o
LOAD lib/STM32F4xx_StdPeriph_Driver/src/stm32f4xx_sai.o
LOAD lib/STM32F4xx_StdPeriph_Driver/src/stm32f4xx_tim.o
LOAD lib/STM32F4xx_StdPeriph_Driver/src/stm32f4xx_rcc.o
LOAD lib/STM32F4xx_StdPeriph_Driver/src/stm32f4xx_crc.o
LOAD lib/STM32F4xx_StdPeriph_Driver/src/stm32f4xx_dbgmcu.o
LOAD lib/STM32F4xx_StdPeriph_Driver/src/stm32f4xx_dma.o
LOAD lib/STM32F4xx_StdPeriph_Driver/src/stm32f4xx_hash_md5.o
LOAD lib/STM32F4xx_StdPeriph_Driver/src/stm32f4xx_spi.o
LOAD lib/STM32F4xx_StdPeriph_Driver/src/stm32f4xx_hash_sha1.o
LOAD lib/STM32F4xx_StdPeriph_Driver/src/stm32f4xx_hash.o
LOAD lib/STM32F4xx_StdPeriph_Driver/src/stm32f4xx_spdifrx.o
LOAD lib/STM32F4xx_StdPeriph_Driver/src/stm32f4xx_iwdg.o
LOAD lib/STM32F4xx_StdPeriph_Driver/src/stm32f4xx_cec.o
LOAD lib/STM32F4xx_StdPeriph_Driver/src/stm32f4xx_ltdc.o
LOAD common/src/system_stm32f4xx.o
LOAD common/src/startup_stm32f40_41xxx.o
LOAD src/lcd.o
LOAD src/gpio.o
LOAD src/main.o
LOAD src/spi.o
START GROUP
LOAD /usr/lib/gcc/arm-none-eabi/4.9.3/../../../arm-none-eabi/lib/armv7e-m/libc.a
LOAD /usr/lib/gcc/arm-none-eabi/4.9.3/armv7e-m/libgcc.a
LOAD /usr/lib/gcc/arm-none-eabi/4.9.3/../../../arm-none-eabi/lib/armv7e-m/libnosys.a
END GROUP
START GROUP
LOAD /usr/lib/gcc/arm-none-eabi/4.9.3/armv7e-m/libgcc.a
LOAD /usr/lib/gcc/arm-none-eabi/4.9.3/../../../arm-none-eabi/lib/armv7e-m/libc.a
END GROUP
                0x0000000020020000                _estack = 0x20020000
                0x0000000000000200                _Min_Heap_Size = 0x200
                0x0000000000000400                _Min_Stack_Size = 0x400

.isr_vector     0x0000000008000000      0x188
                0x0000000008000000                . = ALIGN (0x4)
 *(.isr_vector)
 .isr_vector    0x0000000008000000      0x188 common/src/startup_stm32f40_41xxx.o
                0x0000000008000000                g_pfnVectors
                0x0000000008000188                . = ALIGN (0x4)

.text           0x0000000008000188      0xba8
                0x0000000008000188                . = ALIGN (0x4)
 *(.text)
 *(.text*)
 .text.GPIO_Init
                0x0000000008000188      0x11c lib/STM32F4xx_StdPeriph_Driver/src/stm32f4xx_gpio.o
                0x0000000008000188                GPIO_Init
 .text.GPIO_SetBits
                0x00000000080002a4       0x1c lib/STM32F4xx_StdPeriph_Driver/src/stm32f4xx_gpio.o
                0x00000000080002a4                GPIO_SetBits
 .text.GPIO_ResetBits
                0x00000000080002c0       0x1c lib/STM32F4xx_StdPeriph_Driver/src/stm32f4xx_gpio.o
                0x00000000080002c0                GPIO_ResetBits
 .text.GPIO_ToggleBits
                0x00000000080002dc       0x24 lib/STM32F4xx_StdPeriph_Driver/src/stm32f4xx_gpio.o
                0x00000000080002dc                GPIO_ToggleBits
 .text.GPIO_PinAFConfig
                0x0000000008000300       0x90 lib/STM32F4xx_StdPeriph_Driver/src/stm32f4xx_gpio.o
                0x0000000008000300                GPIO_PinAFConfig
 .text.RCC_AHB1PeriphClockCmd
                0x0000000008000390       0x3c lib/STM32F4xx_StdPeriph_Driver/src/stm32f4xx_rcc.o
                0x0000000008000390                RCC_AHB1PeriphClockCmd
 .text.RCC_APB2PeriphClockCmd
                0x00000000080003cc       0x3c lib/STM32F4xx_StdPeriph_Driver/src/stm32f4xx_rcc.o
                0x00000000080003cc                RCC_APB2PeriphClockCmd
 .text.RCC_APB1PeriphResetCmd
                0x0000000008000408       0x3c lib/STM32F4xx_StdPeriph_Driver/src/stm32f4xx_rcc.o
                0x0000000008000408                RCC_APB1PeriphResetCmd
 .text.RCC_APB2PeriphResetCmd
                0x0000000008000444       0x3c lib/STM32F4xx_StdPeriph_Driver/src/stm32f4xx_rcc.o
                0x0000000008000444                RCC_APB2PeriphResetCmd
 .text.SPI_I2S_DeInit
                0x0000000008000480       0xd8 lib/STM32F4xx_StdPeriph_Driver/src/stm32f4xx_spi.o
                0x0000000008000480                SPI_I2S_DeInit
 .text.SPI_Init
                0x0000000008000558       0x88 lib/STM32F4xx_StdPeriph_Driver/src/stm32f4xx_spi.o
                0x0000000008000558                SPI_Init
 .text.SPI_Cmd  0x00000000080005e0       0x40 lib/STM32F4xx_StdPeriph_Driver/src/stm32f4xx_spi.o
                0x00000000080005e0                SPI_Cmd
 .text.SPI_BiDirectionalLineConfig
                0x0000000008000620       0x40 lib/STM32F4xx_StdPeriph_Driver/src/stm32f4xx_spi.o
                0x0000000008000620                SPI_BiDirectionalLineConfig
 .text.SPI_I2S_SendData
                0x0000000008000660       0x1c lib/STM32F4xx_StdPeriph_Driver/src/stm32f4xx_spi.o
                0x0000000008000660                SPI_I2S_SendData
 .text.SPI_I2S_GetFlagStatus
                0x000000000800067c       0x38 lib/STM32F4xx_StdPeriph_Driver/src/stm32f4xx_spi.o
                0x000000000800067c                SPI_I2S_GetFlagStatus
 .text.SystemInit
                0x00000000080006b4       0x58 common/src/system_stm32f4xx.o
                0x00000000080006b4                SystemInit
 .text.SystemCoreClockUpdate
                0x000000000800070c       0xf8 common/src/system_stm32f4xx.o
                0x000000000800070c                SystemCoreClockUpdate
 .text.SetSysClock
                0x0000000008000804       0xf4 common/src/system_stm32f4xx.o
 .text.Reset_Handler
                0x00000000080008f8       0x44 common/src/startup_stm32f40_41xxx.o
                0x00000000080008f8                Reset_Handler
 .text.Default_Handler
                0x000000000800093c        0x2 common/src/startup_stm32f40_41xxx.o
                0x000000000800093c                RTC_Alarm_IRQHandler
                0x000000000800093c                HASH_RNG_IRQHandler
                0x000000000800093c                EXTI2_IRQHandler
                0x000000000800093c                TIM8_CC_IRQHandler
                0x000000000800093c                DebugMon_Handler
                0x000000000800093c                TIM1_CC_IRQHandler
                0x000000000800093c                DMA2_Stream5_IRQHandler
                0x000000000800093c                HardFault_Handler
                0x000000000800093c                DMA1_Stream5_IRQHandler
                0x000000000800093c                PVD_IRQHandler
                0x000000000800093c                SDIO_IRQHandler
                0x000000000800093c                TAMP_STAMP_IRQHandler
                0x000000000800093c                PendSV_Handler
                0x000000000800093c                NMI_Handler
                0x000000000800093c                CAN2_RX1_IRQHandler
                0x000000000800093c                EXTI3_IRQHandler
                0x000000000800093c                TIM8_TRG_COM_TIM14_IRQHandler
                0x000000000800093c                TIM1_UP_TIM10_IRQHandler
                0x000000000800093c                TIM8_UP_TIM13_IRQHandler
                0x000000000800093c                I2C3_ER_IRQHandler
                0x000000000800093c                EXTI0_IRQHandler
                0x000000000800093c                I2C2_EV_IRQHandler
                0x000000000800093c                DMA1_Stream2_IRQHandler
                0x000000000800093c                CAN1_RX0_IRQHandler
                0x000000000800093c                FPU_IRQHandler
                0x000000000800093c                OTG_HS_WKUP_IRQHandler
                0x000000000800093c                UsageFault_Handler
                0x000000000800093c                CAN2_SCE_IRQHandler
                0x000000000800093c                DMA2_Stream2_IRQHandler
                0x000000000800093c                SPI1_IRQHandler
                0x000000000800093c                TIM6_DAC_IRQHandler
                0x000000000800093c                TIM1_BRK_TIM9_IRQHandler
                0x000000000800093c                DCMI_IRQHandler
                0x000000000800093c                CAN2_RX0_IRQHandler
                0x000000000800093c                DMA2_Stream3_IRQHandler
                0x000000000800093c                USART6_IRQHandler
                0x000000000800093c                USART3_IRQHandler
                0x000000000800093c                CRYP_IRQHandler
                0x000000000800093c                CAN1_RX1_IRQHandler
                0x000000000800093c                UART5_IRQHandler
                0x000000000800093c                DMA2_Stream0_IRQHandler
                0x000000000800093c                TIM4_IRQHandler
                0x000000000800093c                I2C1_EV_IRQHandler
                0x000000000800093c                DMA1_Stream6_IRQHandler
                0x000000000800093c                DMA1_Stream1_IRQHandler
                0x000000000800093c                UART4_IRQHandler
                0x000000000800093c                TIM3_IRQHandler
                0x000000000800093c                RCC_IRQHandler
                0x000000000800093c                TIM8_BRK_TIM12_IRQHandler
                0x000000000800093c                Default_Handler
                0x000000000800093c                EXTI15_10_IRQHandler
                0x000000000800093c                ADC_IRQHandler
                0x000000000800093c                DMA1_Stream7_IRQHandler
                0x000000000800093c                TIM7_IRQHandler
                0x000000000800093c                CAN2_TX_IRQHandler
                0x000000000800093c                TIM5_IRQHandler
                0x000000000800093c                DMA2_Stream7_IRQHandler
                0x000000000800093c                I2C3_EV_IRQHandler
                0x000000000800093c                EXTI9_5_IRQHandler
                0x000000000800093c                RTC_WKUP_IRQHandler
                0x000000000800093c                ETH_WKUP_IRQHandler
                0x000000000800093c                SPI2_IRQHandler
                0x000000000800093c                OTG_HS_EP1_IN_IRQHandler
                0x000000000800093c                MemManage_Handler
                0x000000000800093c                DMA1_Stream0_IRQHandler
                0x000000000800093c                CAN1_TX_IRQHandler
                0x000000000800093c                SVC_Handler
                0x000000000800093c                EXTI4_IRQHandler
                0x000000000800093c                FSMC_IRQHandler
                0x000000000800093c                ETH_IRQHandler
                0x000000000800093c                OTG_HS_EP1_OUT_IRQHandler
                0x000000000800093c                WWDG_IRQHandler
                0x000000000800093c                TIM2_IRQHandler
                0x000000000800093c                OTG_FS_WKUP_IRQHandler
                0x000000000800093c                TIM1_TRG_COM_TIM11_IRQHandler
                0x000000000800093c                OTG_HS_IRQHandler
                0x000000000800093c                EXTI1_IRQHandler
                0x000000000800093c                USART2_IRQHandler
                0x000000000800093c                I2C2_ER_IRQHandler
                0x000000000800093c                DMA2_Stream1_IRQHandler
                0x000000000800093c                CAN1_SCE_IRQHandler
                0x000000000800093c                FLASH_IRQHandler
                0x000000000800093c                DMA2_Stream4_IRQHandler
                0x000000000800093c                BusFault_Handler
                0x000000000800093c                USART1_IRQHandler
                0x000000000800093c                OTG_FS_IRQHandler
                0x000000000800093c                SPI3_IRQHandler
                0x000000000800093c                DMA1_Stream4_IRQHandler
                0x000000000800093c                I2C1_ER_IRQHandler
                0x000000000800093c                DMA2_Stream6_IRQHandler
                0x000000000800093c                DMA1_Stream3_IRQHandler
 *fill*         0x000000000800093e        0x2 
 .text.lcd_init
                0x0000000008000940       0xac src/lcd.o
                0x0000000008000940                lcd_init
 .text.lcd_write
                0x00000000080009ec       0x4c src/lcd.o
                0x00000000080009ec                lcd_write
 .text.lcd_wait_busy
                0x0000000008000a38       0x30 src/lcd.o
                0x0000000008000a38                lcd_wait_busy
 .text.gpio_init
                0x0000000008000a68       0x50 src/gpio.o
                0x0000000008000a68                gpio_init
 .text.gpio_set_debug_led
                0x0000000008000ab8       0x14 src/gpio.o
                0x0000000008000ab8                gpio_set_debug_led
 .text.gpio_reset_debug_led
                0x0000000008000acc       0x14 src/gpio.o
                0x0000000008000acc                gpio_reset_debug_led
 .text.gpio_toggle_debug_led
                0x0000000008000ae0       0x14 src/gpio.o
                0x0000000008000ae0                gpio_toggle_debug_led
 .text.NVIC_SetPriority
                0x0000000008000af4       0x54 src/main.o
 .text.SysTick_Config
                0x0000000008000b48       0x44 src/main.o
 .text.main     0x0000000008000b8c       0x68 src/main.o
                0x0000000008000b8c                main
 .text.SysTick_Handler
                0x0000000008000bf4       0x1c src/main.o
                0x0000000008000bf4                SysTick_Handler
 .text.spi_init
                0x0000000008000c10       0xc0 src/spi.o
                0x0000000008000c10                spi_init
 .text.spi_tx   0x0000000008000cd0       0x60 src/spi.o
                0x0000000008000cd0                spi_tx
 *(.glue_7)
 .glue_7        0x0000000008000d30        0x0 linker stubs
 *(.glue_7t)
 .glue_7t       0x0000000008000d30        0x0 linker stubs
 *(.eh_frame)
 *(.init)
 *(.fini)
                0x0000000008000d30                . = ALIGN (0x4)
                0x0000000008000d30                _etext = .

.vfp11_veneer   0x0000000008000d30        0x0
 .vfp11_veneer  0x0000000008000d30        0x0 linker stubs

.v4_bx          0x0000000008000d30        0x0
 .v4_bx         0x0000000008000d30        0x0 linker stubs

.iplt           0x0000000008000d30        0x0
 .iplt          0x0000000008000d30        0x0 lib/STM32F4xx_StdPeriph_Driver/src/stm32f4xx_flash.o

.rel.dyn        0x0000000008000d30        0x0
 .rel.iplt      0x0000000008000d30        0x0 lib/STM32F4xx_StdPeriph_Driver/src/stm32f4xx_flash.o

.rodata         0x0000000008000d30        0x0
                0x0000000008000d30                . = ALIGN (0x4)
 *(.rodata)
 *(.rodata*)
                0x0000000008000d30                . = ALIGN (0x4)

.ARM.extab
 *(.ARM.extab* .gnu.linkonce.armextab.*)

.ARM            0x0000000008000d30        0x0
                0x0000000008000d30                __exidx_start = .
 *(.ARM.exidx*)
                0x0000000008000d30                __exidx_end = .

.preinit_array  0x0000000008000d30        0x0
                [!provide]                        PROVIDE (__preinit_array_start, .)
 *(.preinit_array*)
                [!provide]                        PROVIDE (__preinit_array_end, .)

.init_array     0x0000000008000d30        0x0
                [!provide]                        PROVIDE (__init_array_start, .)
 *(SORT(.init_array.*))
 *(.init_array*)
                [!provide]                        PROVIDE (__init_array_end, .)

.fini_array     0x0000000008000d30        0x0
                [!provide]                        PROVIDE (__fini_array_start, .)
 *(SORT(.fini_array.*))
 *(.fini_array*)
                [!provide]                        PROVIDE (__fini_array_end, .)
                0x0000000008000d30                _sidata = LOADADDR (.data)

.data           0x0000000020000000       0x14 load address 0x0000000008000d30
                0x0000000020000000                . = ALIGN (0x4)
                0x0000000020000000                _sdata = .
 *(.data)
 *(.data*)
 .data.SystemCoreClock
                0x0000000020000000        0x4 common/src/system_stm32f4xx.o
                0x0000000020000000                SystemCoreClock
 .data.AHBPrescTable
                0x0000000020000004       0x10 common/src/system_stm32f4xx.o
                0x0000000020000004                AHBPrescTable
                0x0000000020000014                . = ALIGN (0x4)
                0x0000000020000014                _edata = .
                0x0000000008000d44                _siccmram = LOADADDR (.ccmram)

.igot.plt       0x0000000020000014        0x0 load address 0x0000000008000d44
 .igot.plt      0x0000000020000014        0x0 lib/STM32F4xx_StdPeriph_Driver/src/stm32f4xx_flash.o

.ccmram         0x0000000010000000        0x0 load address 0x0000000008000d44
                0x0000000010000000                . = ALIGN (0x4)
                0x0000000010000000                _sccmram = .
 *(.ccmram)
 *(.ccmram*)
                0x0000000010000000                . = ALIGN (0x4)
                0x0000000010000000                _eccmram = .
                0x0000000010000000                . = ALIGN (0x4)

.bss            0x0000000020000014        0x8
                0x0000000020000014                _sbss = .
                0x0000000020000014                __bss_start__ = _sbss
 *(.bss)
 *(.bss*)
 .bss.tick      0x0000000020000014        0x4 src/main.o
                0x0000000020000014                tick
 *(COMMON)
 COMMON         0x0000000020000018        0x4 src/lcd.o
                0x0000000020000018                delay
                0x000000002000001c                . = ALIGN (0x4)
                0x000000002000001c                _ebss = .
                0x000000002000001c                __bss_end__ = _ebss

._user_heap_stack
                0x000000002000001c      0x604
                0x0000000020000020                . = ALIGN (0x8)
 *fill*         0x000000002000001c        0x4 
                [!provide]                        PROVIDE (end, .)
                [!provide]                        PROVIDE (_end, .)
                0x0000000020000220                . = (. + _Min_Heap_Size)
 *fill*         0x0000000020000020      0x200 
                0x0000000020000620                . = (. + _Min_Stack_Size)
 *fill*         0x0000000020000220      0x400 
                0x0000000020000620                . = ALIGN (0x8)

/DISCARD/
 libc.a(*)
 libm.a(*)
 libgcc.a(*)

.ARM.attributes
                0x0000000000000000       0x31
 *(.ARM.attributes)
 .ARM.attributes
                0x0000000000000000       0x33 lib/STM32F4xx_StdPeriph_Driver/src/stm32f4xx_gpio.o
 .ARM.attributes
                0x0000000000000033       0x33 lib/STM32F4xx_StdPeriph_Driver/src/stm32f4xx_rcc.o
 .ARM.attributes
                0x0000000000000066       0x33 lib/STM32F4xx_StdPeriph_Driver/src/stm32f4xx_spi.o
 .ARM.attributes
                0x0000000000000099       0x33 common/src/system_stm32f4xx.o
 .ARM.attributes
                0x00000000000000cc       0x21 common/src/startup_stm32f40_41xxx.o
 .ARM.attributes
                0x00000000000000ed       0x33 src/lcd.o
 .ARM.attributes
                0x0000000000000120       0x33 src/gpio.o
 .ARM.attributes
                0x0000000000000153       0x33 src/main.o
 .ARM.attributes
                0x0000000000000186       0x33 src/spi.o
OUTPUT(lcd.elf elf32-littlearm)

.debug_info     0x0000000000000000     0x35ab
 .debug_info    0x0000000000000000      0x60d lib/STM32F4xx_StdPeriph_Driver/src/stm32f4xx_gpio.o
 .debug_info    0x000000000000060d      0xe4a lib/STM32F4xx_StdPeriph_Driver/src/stm32f4xx_rcc.o
 .debug_info    0x0000000000001457      0xb43 lib/STM32F4xx_StdPeriph_Driver/src/stm32f4xx_spi.o
 .debug_info    0x0000000000001f9a      0x5de common/src/system_stm32f4xx.o
 .debug_info    0x0000000000002578       0x63 common/src/startup_stm32f40_41xxx.o
 .debug_info    0x00000000000025db      0x16f src/lcd.o
 .debug_info    0x000000000000274a      0x2dc src/gpio.o
 .debug_info    0x0000000000002a26      0x6d8 src/main.o
 .debug_info    0x00000000000030fe      0x4ad src/spi.o

.debug_abbrev   0x0000000000000000      0xae5
 .debug_abbrev  0x0000000000000000      0x1a8 lib/STM32F4xx_StdPeriph_Driver/src/stm32f4xx_gpio.o
 .debug_abbrev  0x00000000000001a8      0x1bf lib/STM32F4xx_StdPeriph_Driver/src/stm32f4xx_rcc.o
 .debug_abbrev  0x0000000000000367      0x16c lib/STM32F4xx_StdPeriph_Driver/src/stm32f4xx_spi.o
 .debug_abbrev  0x00000000000004d3      0x13b common/src/system_stm32f4xx.o
 .debug_abbrev  0x000000000000060e       0x12 common/src/startup_stm32f40_41xxx.o
 .debug_abbrev  0x0000000000000620       0xde src/lcd.o
 .debug_abbrev  0x00000000000006fe      0x11c src/gpio.o
 .debug_abbrev  0x000000000000081a      0x184 src/main.o
 .debug_abbrev  0x000000000000099e      0x147 src/spi.o

.debug_aranges  0x0000000000000000      0x458
 .debug_aranges
                0x0000000000000000       0x88 lib/STM32F4xx_StdPeriph_Driver/src/stm32f4xx_gpio.o
 .debug_aranges
                0x0000000000000088      0x1c0 lib/STM32F4xx_StdPeriph_Driver/src/stm32f4xx_rcc.o
 .debug_aranges
                0x0000000000000248       0xe0 lib/STM32F4xx_StdPeriph_Driver/src/stm32f4xx_spi.o
 .debug_aranges
                0x0000000000000328       0x30 common/src/system_stm32f4xx.o
 .debug_aranges
                0x0000000000000358       0x28 common/src/startup_stm32f40_41xxx.o
 .debug_aranges
                0x0000000000000380       0x38 src/lcd.o
 .debug_aranges
                0x00000000000003b8       0x38 src/gpio.o
 .debug_aranges
                0x00000000000003f0       0x38 src/main.o
 .debug_aranges
                0x0000000000000428       0x30 src/spi.o

.debug_ranges   0x0000000000000000      0x3d0
 .debug_ranges  0x0000000000000000       0x78 lib/STM32F4xx_StdPeriph_Driver/src/stm32f4xx_gpio.o
 .debug_ranges  0x0000000000000078      0x1b0 lib/STM32F4xx_StdPeriph_Driver/src/stm32f4xx_rcc.o
 .debug_ranges  0x0000000000000228       0xd0 lib/STM32F4xx_StdPeriph_Driver/src/stm32f4xx_spi.o
 .debug_ranges  0x00000000000002f8       0x20 common/src/system_stm32f4xx.o
 .debug_ranges  0x0000000000000318       0x20 common/src/startup_stm32f40_41xxx.o
 .debug_ranges  0x0000000000000338       0x28 src/lcd.o
 .debug_ranges  0x0000000000000360       0x28 src/gpio.o
 .debug_ranges  0x0000000000000388       0x28 src/main.o
 .debug_ranges  0x00000000000003b0       0x20 src/spi.o

.debug_macro    0x0000000000000000     0x1b5d
 .debug_macro   0x0000000000000000      0x1b1 lib/STM32F4xx_StdPeriph_Driver/src/stm32f4xx_gpio.o
 .debug_macro   0x00000000000001b1      0x2e7 lib/STM32F4xx_StdPeriph_Driver/src/stm32f4xx_gpio.o
 .debug_macro   0x0000000000000498      0x27b lib/STM32F4xx_StdPeriph_Driver/src/stm32f4xx_rcc.o
 .debug_macro   0x0000000000000713      0x64a lib/STM32F4xx_StdPeriph_Driver/src/stm32f4xx_rcc.o
 .debug_macro   0x0000000000000d5d      0x1dc lib/STM32F4xx_StdPeriph_Driver/src/stm32f4xx_spi.o
 .debug_macro   0x0000000000000f39      0x366 lib/STM32F4xx_StdPeriph_Driver/src/stm32f4xx_spi.o
 .debug_macro   0x000000000000129f      0x1cb common/src/system_stm32f4xx.o
 .debug_macro   0x000000000000146a      0x16e src/lcd.o
 .debug_macro   0x00000000000015d8      0x1c7 src/gpio.o
 .debug_macro   0x000000000000179f      0x1bb src/main.o
 .debug_macro   0x000000000000195a      0x203 src/spi.o

.debug_line     0x0000000000000000     0x265b
 .debug_line    0x0000000000000000      0x52c lib/STM32F4xx_StdPeriph_Driver/src/stm32f4xx_gpio.o
 .debug_line    0x000000000000052c      0x842 lib/STM32F4xx_StdPeriph_Driver/src/stm32f4xx_rcc.o
 .debug_line    0x0000000000000d6e      0x641 lib/STM32F4xx_StdPeriph_Driver/src/stm32f4xx_spi.o
 .debug_line    0x00000000000013af      0x44d common/src/system_stm32f4xx.o
 .debug_line    0x00000000000017fc       0x7f common/src/startup_stm32f40_41xxx.o
 .debug_line    0x000000000000187b      0x1a0 src/lcd.o
 .debug_line    0x0000000000001a1b      0x3fe src/gpio.o
 .debug_line    0x0000000000001e19      0x425 src/main.o
 .debug_line    0x000000000000223e      0x41d src/spi.o

.debug_str      0x0000000000000000    0x608cd
 .debug_str     0x0000000000000000    0x5eb02 lib/STM32F4xx_StdPeriph_Driver/src/stm32f4xx_gpio.o
                                      0x5ecf6 (size before relaxing)
 .debug_str     0x000000000005eb02      0xdbe lib/STM32F4xx_StdPeriph_Driver/src/stm32f4xx_rcc.o
                                      0x5f7df (size before relaxing)
 .debug_str     0x000000000005f8c0      0x3e1 lib/STM32F4xx_StdPeriph_Driver/src/stm32f4xx_spi.o
                                      0x5efdf (size before relaxing)
 .debug_str     0x000000000005fca1      0x12f common/src/system_stm32f4xx.o
                                      0x5ec52 (size before relaxing)
 .debug_str     0x000000000005fdd0      0x32a src/lcd.o
                                       0x33b1 (size before relaxing)
 .debug_str     0x00000000000600fa       0x94 src/gpio.o
                                      0x5ebea (size before relaxing)
 .debug_str     0x000000000006018e      0x5a9 src/main.o
                                      0x5f015 (size before relaxing)
 .debug_str     0x0000000000060737      0x196 src/spi.o
                                      0x5ee21 (size before relaxing)

.comment        0x0000000000000000       0x38
 .comment       0x0000000000000000       0x38 lib/STM32F4xx_StdPeriph_Driver/src/stm32f4xx_gpio.o
                                         0x39 (size before relaxing)
 .comment       0x0000000000000038       0x39 lib/STM32F4xx_StdPeriph_Driver/src/stm32f4xx_rcc.o
 .comment       0x0000000000000038       0x39 lib/STM32F4xx_StdPeriph_Driver/src/stm32f4xx_spi.o
 .comment       0x0000000000000038       0x39 common/src/system_stm32f4xx.o
 .comment       0x0000000000000038       0x39 src/lcd.o
 .comment       0x0000000000000038       0x39 src/gpio.o
 .comment       0x0000000000000038       0x39 src/main.o
 .comment       0x0000000000000038       0x39 src/spi.o

.debug_frame    0x0000000000000000     0x1118
 .debug_frame   0x0000000000000000      0x23c lib/STM32F4xx_StdPeriph_Driver/src/stm32f4xx_gpio.o
 .debug_frame   0x000000000000023c      0x83c lib/STM32F4xx_StdPeriph_Driver/src/stm32f4xx_rcc.o
 .debug_frame   0x0000000000000a78      0x3f4 lib/STM32F4xx_StdPeriph_Driver/src/stm32f4xx_spi.o
 .debug_frame   0x0000000000000e6c       0x7c common/src/system_stm32f4xx.o
 .debug_frame   0x0000000000000ee8       0x94 src/lcd.o
 .debug_frame   0x0000000000000f7c       0x88 src/gpio.o
 .debug_frame   0x0000000000001004       0x98 src/main.o
 .debug_frame   0x000000000000109c       0x7c src/spi.o
